###############################################################################
#
# IAR ELF Linker V7.40.1.8447/W32 for ARM                 27/Mar/2020  10:33:40
# Copyright 2007-2015 IAR Systems AB.
#
#    Output file  =  
#        C:\Users\Dell\Documents\IAR Embedded
#        Workbench\testtt\Slave_Final\7.40.1\ST\STM32F4xx\STM32F4xx_DSP_StdPeriph_Lib\Project\STM32F4xx_StdPeriph_Templates\EWARM\STM324x9I_EVAL\Exe\Project.out
#    Map file     =  
#        C:\Users\Dell\Documents\IAR Embedded
#        Workbench\testtt\Slave_Final\7.40.1\ST\STM32F4xx\STM32F4xx_DSP_StdPeriph_Lib\Project\STM32F4xx_StdPeriph_Templates\EWARM\STM324x9I_EVAL\List\Project.map
#    Command line =  
#        "C:\Users\Dell\Documents\IAR Embedded
#        Workbench\testtt\Slave_Final\7.40.1\ST\STM32F4xx\STM32F4xx_DSP_StdPeriph_Lib\Project\STM32F4xx_StdPeriph_Templates\EWARM\STM324x9I_EVAL\Obj\Config.o"
#        "C:\Users\Dell\Documents\IAR Embedded
#        Workbench\testtt\Slave_Final\7.40.1\ST\STM32F4xx\STM32F4xx_DSP_StdPeriph_Lib\Project\STM32F4xx_StdPeriph_Templates\EWARM\STM324x9I_EVAL\Obj\flash.o"
#        "C:\Users\Dell\Documents\IAR Embedded
#        Workbench\testtt\Slave_Final\7.40.1\ST\STM32F4xx\STM32F4xx_DSP_StdPeriph_Lib\Project\STM32F4xx_StdPeriph_Templates\EWARM\STM324x9I_EVAL\Obj\main.o"
#        "C:\Users\Dell\Documents\IAR Embedded
#        Workbench\testtt\Slave_Final\7.40.1\ST\STM32F4xx\STM32F4xx_DSP_StdPeriph_Lib\Project\STM32F4xx_StdPeriph_Templates\EWARM\STM324x9I_EVAL\Obj\misc.o"
#        "C:\Users\Dell\Documents\IAR Embedded
#        Workbench\testtt\Slave_Final\7.40.1\ST\STM32F4xx\STM32F4xx_DSP_StdPeriph_Lib\Project\STM32F4xx_StdPeriph_Templates\EWARM\STM324x9I_EVAL\Obj\startup_stm32f429x.o"
#        "C:\Users\Dell\Documents\IAR Embedded
#        Workbench\testtt\Slave_Final\7.40.1\ST\STM32F4xx\STM32F4xx_DSP_StdPeriph_Lib\Project\STM32F4xx_StdPeriph_Templates\EWARM\STM324x9I_EVAL\Obj\stm324x9i_eval.o"
#        "C:\Users\Dell\Documents\IAR Embedded
#        Workbench\testtt\Slave_Final\7.40.1\ST\STM32F4xx\STM32F4xx_DSP_StdPeriph_Lib\Project\STM32F4xx_StdPeriph_Templates\EWARM\STM324x9I_EVAL\Obj\stm324x9i_eval_fmc_sdram.o"
#        "C:\Users\Dell\Documents\IAR Embedded
#        Workbench\testtt\Slave_Final\7.40.1\ST\STM32F4xx\STM32F4xx_DSP_StdPeriph_Lib\Project\STM32F4xx_StdPeriph_Templates\EWARM\STM324x9I_EVAL\Obj\stm324x9i_eval_lcd.o"
#        "C:\Users\Dell\Documents\IAR Embedded
#        Workbench\testtt\Slave_Final\7.40.1\ST\STM32F4xx\STM32F4xx_DSP_StdPeriph_Lib\Project\STM32F4xx_StdPeriph_Templates\EWARM\STM324x9I_EVAL\Obj\stm32f4xx_adc.o"
#        "C:\Users\Dell\Documents\IAR Embedded
#        Workbench\testtt\Slave_Final\7.40.1\ST\STM32F4xx\STM32F4xx_DSP_StdPeriph_Lib\Project\STM32F4xx_StdPeriph_Templates\EWARM\STM324x9I_EVAL\Obj\stm32f4xx_can.o"
#        "C:\Users\Dell\Documents\IAR Embedded
#        Workbench\testtt\Slave_Final\7.40.1\ST\STM32F4xx\STM32F4xx_DSP_StdPeriph_Lib\Project\STM32F4xx_StdPeriph_Templates\EWARM\STM324x9I_EVAL\Obj\stm32f4xx_crc.o"
#        "C:\Users\Dell\Documents\IAR Embedded
#        Workbench\testtt\Slave_Final\7.40.1\ST\STM32F4xx\STM32F4xx_DSP_StdPeriph_Lib\Project\STM32F4xx_StdPeriph_Templates\EWARM\STM324x9I_EVAL\Obj\stm32f4xx_cryp.o"
#        "C:\Users\Dell\Documents\IAR Embedded
#        Workbench\testtt\Slave_Final\7.40.1\ST\STM32F4xx\STM32F4xx_DSP_StdPeriph_Lib\Project\STM32F4xx_StdPeriph_Templates\EWARM\STM324x9I_EVAL\Obj\stm32f4xx_cryp_aes.o"
#        "C:\Users\Dell\Documents\IAR Embedded
#        Workbench\testtt\Slave_Final\7.40.1\ST\STM32F4xx\STM32F4xx_DSP_StdPeriph_Lib\Project\STM32F4xx_StdPeriph_Templates\EWARM\STM324x9I_EVAL\Obj\stm32f4xx_cryp_des.o"
#        "C:\Users\Dell\Documents\IAR Embedded
#        Workbench\testtt\Slave_Final\7.40.1\ST\STM32F4xx\STM32F4xx_DSP_StdPeriph_Lib\Project\STM32F4xx_StdPeriph_Templates\EWARM\STM324x9I_EVAL\Obj\stm32f4xx_cryp_tdes.o"
#        "C:\Users\Dell\Documents\IAR Embedded
#        Workbench\testtt\Slave_Final\7.40.1\ST\STM32F4xx\STM32F4xx_DSP_StdPeriph_Lib\Project\STM32F4xx_StdPeriph_Templates\EWARM\STM324x9I_EVAL\Obj\stm32f4xx_dac.o"
#        "C:\Users\Dell\Documents\IAR Embedded
#        Workbench\testtt\Slave_Final\7.40.1\ST\STM32F4xx\STM32F4xx_DSP_StdPeriph_Lib\Project\STM32F4xx_StdPeriph_Templates\EWARM\STM324x9I_EVAL\Obj\stm32f4xx_dbgmcu.o"
#        "C:\Users\Dell\Documents\IAR Embedded
#        Workbench\testtt\Slave_Final\7.40.1\ST\STM32F4xx\STM32F4xx_DSP_StdPeriph_Lib\Project\STM32F4xx_StdPeriph_Templates\EWARM\STM324x9I_EVAL\Obj\stm32f4xx_dcmi.o"
#        "C:\Users\Dell\Documents\IAR Embedded
#        Workbench\testtt\Slave_Final\7.40.1\ST\STM32F4xx\STM32F4xx_DSP_StdPeriph_Lib\Project\STM32F4xx_StdPeriph_Templates\EWARM\STM324x9I_EVAL\Obj\stm32f4xx_dma.o"
#        "C:\Users\Dell\Documents\IAR Embedded
#        Workbench\testtt\Slave_Final\7.40.1\ST\STM32F4xx\STM32F4xx_DSP_StdPeriph_Lib\Project\STM32F4xx_StdPeriph_Templates\EWARM\STM324x9I_EVAL\Obj\stm32f4xx_dma2d.o"
#        "C:\Users\Dell\Documents\IAR Embedded
#        Workbench\testtt\Slave_Final\7.40.1\ST\STM32F4xx\STM32F4xx_DSP_StdPeriph_Lib\Project\STM32F4xx_StdPeriph_Templates\EWARM\STM324x9I_EVAL\Obj\stm32f4xx_exti.o"
#        "C:\Users\Dell\Documents\IAR Embedded
#        Workbench\testtt\Slave_Final\7.40.1\ST\STM32F4xx\STM32F4xx_DSP_StdPeriph_Lib\Project\STM32F4xx_StdPeriph_Templates\EWARM\STM324x9I_EVAL\Obj\stm32f4xx_flash.o"
#        "C:\Users\Dell\Documents\IAR Embedded
#        Workbench\testtt\Slave_Final\7.40.1\ST\STM32F4xx\STM32F4xx_DSP_StdPeriph_Lib\Project\STM32F4xx_StdPeriph_Templates\EWARM\STM324x9I_EVAL\Obj\stm32f4xx_fmc.o"
#        "C:\Users\Dell\Documents\IAR Embedded
#        Workbench\testtt\Slave_Final\7.40.1\ST\STM32F4xx\STM32F4xx_DSP_StdPeriph_Lib\Project\STM32F4xx_StdPeriph_Templates\EWARM\STM324x9I_EVAL\Obj\stm32f4xx_gpio.o"
#        "C:\Users\Dell\Documents\IAR Embedded
#        Workbench\testtt\Slave_Final\7.40.1\ST\STM32F4xx\STM32F4xx_DSP_StdPeriph_Lib\Project\STM32F4xx_StdPeriph_Templates\EWARM\STM324x9I_EVAL\Obj\stm32f4xx_hash.o"
#        "C:\Users\Dell\Documents\IAR Embedded
#        Workbench\testtt\Slave_Final\7.40.1\ST\STM32F4xx\STM32F4xx_DSP_StdPeriph_Lib\Project\STM32F4xx_StdPeriph_Templates\EWARM\STM324x9I_EVAL\Obj\stm32f4xx_hash_md5.o"
#        "C:\Users\Dell\Documents\IAR Embedded
#        Workbench\testtt\Slave_Final\7.40.1\ST\STM32F4xx\STM32F4xx_DSP_StdPeriph_Lib\Project\STM32F4xx_StdPeriph_Templates\EWARM\STM324x9I_EVAL\Obj\stm32f4xx_hash_sha1.o"
#        "C:\Users\Dell\Documents\IAR Embedded
#        Workbench\testtt\Slave_Final\7.40.1\ST\STM32F4xx\STM32F4xx_DSP_StdPeriph_Lib\Project\STM32F4xx_StdPeriph_Templates\EWARM\STM324x9I_EVAL\Obj\stm32f4xx_i2c.o"
#        "C:\Users\Dell\Documents\IAR Embedded
#        Workbench\testtt\Slave_Final\7.40.1\ST\STM32F4xx\STM32F4xx_DSP_StdPeriph_Lib\Project\STM32F4xx_StdPeriph_Templates\EWARM\STM324x9I_EVAL\Obj\stm32f4xx_it.o"
#        "C:\Users\Dell\Documents\IAR Embedded
#        Workbench\testtt\Slave_Final\7.40.1\ST\STM32F4xx\STM32F4xx_DSP_StdPeriph_Lib\Project\STM32F4xx_StdPeriph_Templates\EWARM\STM324x9I_EVAL\Obj\stm32f4xx_iwdg.o"
#        "C:\Users\Dell\Documents\IAR Embedded
#        Workbench\testtt\Slave_Final\7.40.1\ST\STM32F4xx\STM32F4xx_DSP_StdPeriph_Lib\Project\STM32F4xx_StdPeriph_Templates\EWARM\STM324x9I_EVAL\Obj\stm32f4xx_ltdc.o"
#        "C:\Users\Dell\Documents\IAR Embedded
#        Workbench\testtt\Slave_Final\7.40.1\ST\STM32F4xx\STM32F4xx_DSP_StdPeriph_Lib\Project\STM32F4xx_StdPeriph_Templates\EWARM\STM324x9I_EVAL\Obj\stm32f4xx_pwr.o"
#        "C:\Users\Dell\Documents\IAR Embedded
#        Workbench\testtt\Slave_Final\7.40.1\ST\STM32F4xx\STM32F4xx_DSP_StdPeriph_Lib\Project\STM32F4xx_StdPeriph_Templates\EWARM\STM324x9I_EVAL\Obj\stm32f4xx_rcc.o"
#        "C:\Users\Dell\Documents\IAR Embedded
#        Workbench\testtt\Slave_Final\7.40.1\ST\STM32F4xx\STM32F4xx_DSP_StdPeriph_Lib\Project\STM32F4xx_StdPeriph_Templates\EWARM\STM324x9I_EVAL\Obj\stm32f4xx_rng.o"
#        "C:\Users\Dell\Documents\IAR Embedded
#        Workbench\testtt\Slave_Final\7.40.1\ST\STM32F4xx\STM32F4xx_DSP_StdPeriph_Lib\Project\STM32F4xx_StdPeriph_Templates\EWARM\STM324x9I_EVAL\Obj\stm32f4xx_rtc.o"
#        "C:\Users\Dell\Documents\IAR Embedded
#        Workbench\testtt\Slave_Final\7.40.1\ST\STM32F4xx\STM32F4xx_DSP_StdPeriph_Lib\Project\STM32F4xx_StdPeriph_Templates\EWARM\STM324x9I_EVAL\Obj\stm32f4xx_sai.o"
#        "C:\Users\Dell\Documents\IAR Embedded
#        Workbench\testtt\Slave_Final\7.40.1\ST\STM32F4xx\STM32F4xx_DSP_StdPeriph_Lib\Project\STM32F4xx_StdPeriph_Templates\EWARM\STM324x9I_EVAL\Obj\stm32f4xx_sdio.o"
#        "C:\Users\Dell\Documents\IAR Embedded
#        Workbench\testtt\Slave_Final\7.40.1\ST\STM32F4xx\STM32F4xx_DSP_StdPeriph_Lib\Project\STM32F4xx_StdPeriph_Templates\EWARM\STM324x9I_EVAL\Obj\stm32f4xx_spi.o"
#        "C:\Users\Dell\Documents\IAR Embedded
#        Workbench\testtt\Slave_Final\7.40.1\ST\STM32F4xx\STM32F4xx_DSP_StdPeriph_Lib\Project\STM32F4xx_StdPeriph_Templates\EWARM\STM324x9I_EVAL\Obj\stm32f4xx_syscfg.o"
#        "C:\Users\Dell\Documents\IAR Embedded
#        Workbench\testtt\Slave_Final\7.40.1\ST\STM32F4xx\STM32F4xx_DSP_StdPeriph_Lib\Project\STM32F4xx_StdPeriph_Templates\EWARM\STM324x9I_EVAL\Obj\stm32f4xx_tim.o"
#        "C:\Users\Dell\Documents\IAR Embedded
#        Workbench\testtt\Slave_Final\7.40.1\ST\STM32F4xx\STM32F4xx_DSP_StdPeriph_Lib\Project\STM32F4xx_StdPeriph_Templates\EWARM\STM324x9I_EVAL\Obj\stm32f4xx_usart.o"
#        "C:\Users\Dell\Documents\IAR Embedded
#        Workbench\testtt\Slave_Final\7.40.1\ST\STM32F4xx\STM32F4xx_DSP_StdPeriph_Lib\Project\STM32F4xx_StdPeriph_Templates\EWARM\STM324x9I_EVAL\Obj\stm32f4xx_wwdg.o"
#        "C:\Users\Dell\Documents\IAR Embedded
#        Workbench\testtt\Slave_Final\7.40.1\ST\STM32F4xx\STM32F4xx_DSP_StdPeriph_Lib\Project\STM32F4xx_StdPeriph_Templates\EWARM\STM324x9I_EVAL\Obj\system_stm32f4xx.o"
#        --redirect _Printf=_PrintfSmall --redirect _Scanf=_ScanfSmall -o
#        "C:\Users\Dell\Documents\IAR Embedded
#        Workbench\testtt\Slave_Final\7.40.1\ST\STM32F4xx\STM32F4xx_DSP_StdPeriph_Lib\Project\STM32F4xx_StdPeriph_Templates\EWARM\STM324x9I_EVAL\Exe\Project.out"
#        --map "C:\Users\Dell\Documents\IAR Embedded
#        Workbench\testtt\Slave_Final\7.40.1\ST\STM32F4xx\STM32F4xx_DSP_StdPeriph_Lib\Project\STM32F4xx_StdPeriph_Templates\EWARM\STM324x9I_EVAL\List\Project.map"
#        --config "C:\Program Files (x86)\IAR Systems\Embedded Workbench
#        7.2\arm\config\linker\ST\stm32f407xG.icf" --semihosting --entry
#        __iar_program_start --vfe
#
###############################################################################

*******************************************************************************
*** RUNTIME MODEL ATTRIBUTES
***

CppFlavor       = *
__SystemLibrary = DLib


*******************************************************************************
*** PLACEMENT SUMMARY
***

"A1":  place at 0x08000000 { ro section .intvec };
"P1":  place in [from 0x08000000 to 0x080fffff] { ro };
"P2":  place in [from 0x20000000 to 0x2001ffff] { rw, block CSTACK, block HEAP };

  Section            Kind        Address    Size  Object
  -------            ----        -------    ----  ------
"A1":                                      0x1ac
  .intvec            ro code  0x08000000   0x1ac  startup_stm32f429x.o [1]
                            - 0x080001ac   0x1ac

"P1":                                      0xff8
  .text              ro code  0x080001ac   0x354  main.o [1]
  .text              ro code  0x08000500    0xf0  system_stm32f4xx.o [1]
  .text              ro code  0x080005f0   0x228  Config.o [1]
  .text              ro code  0x08000818    0xb4  stm32f4xx_gpio.o [1]
  .text              ro code  0x080008cc   0x112  stm32f4xx_tim.o [1]
  .text              ro code  0x080009e0    0x88  flash.o [1]
  .text              ro code  0x08000a68    0xbc  stm32f4xx_rcc.o [1]
  .text              ro code  0x08000b24   0x12c  stm32f4xx_usart.o [1]
  .text              ro code  0x08000c50    0x6c  misc.o [1]
  .text              ro code  0x08000cbc   0x146  stm32f4xx_flash.o [1]
  .text              ro code  0x08000e04    0xc8  stm32f4xx_it.o [1]
  .text              ro code  0x08000ecc    0x2c  copy_init3.o [5]
  .text              ro code  0x08000ef8    0x28  data_init.o [5]
  .text              ro code  0x08000f20    0x22  fpinit_M.o [4]
  .iar.init_table    const    0x08000f44    0x14  - Linker created -
  .text              ro code  0x08000f58    0x1a  cmain.o [5]
  .text              ro code  0x08000f72     0x4  low_level_init.o [3]
  .text              ro code  0x08000f76     0x4  exit.o [3]
  .text              ro code  0x08000f7c     0xa  cexit.o [5]
  .text              ro code  0x08000f88    0x14  exit.o [6]
  .text              ro code  0x08000f9c    0x10  startup_stm32f429x.o [1]
  .text              ro code  0x08000fac     0xc  cstartup_M.o [5]
  .text              ro code  0x08000fb8     0x4  startup_stm32f429x.o [1]
  .text              ro code  0x08000fbc     0x4  startup_stm32f429x.o [1]
  .text              ro code  0x08000fc0     0x4  startup_stm32f429x.o [1]
  .text              ro code  0x08000fc4     0x4  startup_stm32f429x.o [1]
  .text              ro code  0x08000fc8     0x4  startup_stm32f429x.o [1]
  .text              ro code  0x08000fcc     0x4  startup_stm32f429x.o [1]
  .text              ro code  0x08000fd0     0x4  startup_stm32f429x.o [1]
  .text              ro code  0x08000fd4     0x4  startup_stm32f429x.o [1]
  .text              ro code  0x08000fd8     0x4  startup_stm32f429x.o [1]
  .text              ro code  0x08000fdc     0x4  startup_stm32f429x.o [1]
  .text              ro code  0x08000fe0     0x4  startup_stm32f429x.o [1]
  .text              ro code  0x08000fe4     0x4  startup_stm32f429x.o [1]
  .text              ro code  0x08000fe8     0x4  startup_stm32f429x.o [1]
  .text              ro code  0x08000fec     0x4  startup_stm32f429x.o [1]
  .text              ro code  0x08000ff0     0x4  startup_stm32f429x.o [1]
  .text              ro code  0x08000ff4     0x4  startup_stm32f429x.o [1]
  .text              ro code  0x08000ff8     0x4  startup_stm32f429x.o [1]
  .text              ro code  0x08000ffc     0x4  startup_stm32f429x.o [1]
  .text              ro code  0x08001000     0x4  startup_stm32f429x.o [1]
  .text              ro code  0x08001004     0x4  startup_stm32f429x.o [1]
  .text              ro code  0x08001008     0x4  startup_stm32f429x.o [1]
  .text              ro code  0x0800100c     0x4  startup_stm32f429x.o [1]
  .text              ro code  0x08001010     0x4  startup_stm32f429x.o [1]
  .text              ro code  0x08001014     0x4  startup_stm32f429x.o [1]
  .text              ro code  0x08001018     0x4  startup_stm32f429x.o [1]
  .text              ro code  0x0800101c     0x4  startup_stm32f429x.o [1]
  .text              ro code  0x08001020     0x4  startup_stm32f429x.o [1]
  .text              ro code  0x08001024     0x4  startup_stm32f429x.o [1]
  .text              ro code  0x08001028     0x4  startup_stm32f429x.o [1]
  .text              ro code  0x0800102c     0x4  startup_stm32f429x.o [1]
  .text              ro code  0x08001030     0x4  startup_stm32f429x.o [1]
  .text              ro code  0x08001034     0x4  startup_stm32f429x.o [1]
  .text              ro code  0x08001038     0x4  startup_stm32f429x.o [1]
  .text              ro code  0x0800103c     0x4  startup_stm32f429x.o [1]
  .text              ro code  0x08001040     0x4  startup_stm32f429x.o [1]
  .text              ro code  0x08001044     0x4  startup_stm32f429x.o [1]
  .text              ro code  0x08001048     0x4  startup_stm32f429x.o [1]
  .text              ro code  0x0800104c     0x4  startup_stm32f429x.o [1]
  .text              ro code  0x08001050     0x4  startup_stm32f429x.o [1]
  .text              ro code  0x08001054     0x4  startup_stm32f429x.o [1]
  .text              ro code  0x08001058     0x4  startup_stm32f429x.o [1]
  .text              ro code  0x0800105c     0x4  startup_stm32f429x.o [1]
  .text              ro code  0x08001060     0x4  startup_stm32f429x.o [1]
  .text              ro code  0x08001064     0x4  startup_stm32f429x.o [1]
  .text              ro code  0x08001068     0x4  startup_stm32f429x.o [1]
  .text              ro code  0x0800106c     0x4  startup_stm32f429x.o [1]
  .text              ro code  0x08001070     0x4  startup_stm32f429x.o [1]
  .text              ro code  0x08001074     0x4  startup_stm32f429x.o [1]
  .text              ro code  0x08001078     0x4  startup_stm32f429x.o [1]
  .text              ro code  0x0800107c     0x4  startup_stm32f429x.o [1]
  .text              ro code  0x08001080     0x4  startup_stm32f429x.o [1]
  .text              ro code  0x08001084     0x4  startup_stm32f429x.o [1]
  .text              ro code  0x08001088     0x4  startup_stm32f429x.o [1]
  .text              ro code  0x0800108c     0x4  startup_stm32f429x.o [1]
  .text              ro code  0x08001090     0x4  startup_stm32f429x.o [1]
  .text              ro code  0x08001094     0x4  startup_stm32f429x.o [1]
  .text              ro code  0x08001098     0x4  startup_stm32f429x.o [1]
  .text              ro code  0x0800109c     0x4  startup_stm32f429x.o [1]
  .text              ro code  0x080010a0     0x4  startup_stm32f429x.o [1]
  .text              ro code  0x080010a4     0x4  startup_stm32f429x.o [1]
  .text              ro code  0x080010a8     0x4  startup_stm32f429x.o [1]
  .text              ro code  0x080010ac     0x4  startup_stm32f429x.o [1]
  .text              ro code  0x080010b0     0x4  startup_stm32f429x.o [1]
  .text              ro code  0x080010b4     0x4  startup_stm32f429x.o [1]
  .text              ro code  0x080010b8     0x4  startup_stm32f429x.o [1]
  .text              ro code  0x080010bc     0x4  startup_stm32f429x.o [1]
  .text              ro code  0x080010c0     0x4  startup_stm32f429x.o [1]
  .text              ro code  0x080010c4     0x4  startup_stm32f429x.o [1]
  .text              ro code  0x080010c8     0x4  startup_stm32f429x.o [1]
  .text              ro code  0x080010cc     0x4  startup_stm32f429x.o [1]
  .text              ro code  0x080010d0     0x4  startup_stm32f429x.o [1]
  .text              ro code  0x080010d4     0x4  startup_stm32f429x.o [1]
  .text              ro code  0x080010d8     0x4  startup_stm32f429x.o [1]
  .text              ro code  0x080010dc     0x4  startup_stm32f429x.o [1]
  .text              ro code  0x080010e0     0x4  startup_stm32f429x.o [1]
  .text              ro code  0x080010e4     0x4  startup_stm32f429x.o [1]
  .text              ro code  0x080010e8     0x4  startup_stm32f429x.o [1]
  .text              ro code  0x080010ec     0x4  startup_stm32f429x.o [1]
  .text              ro code  0x080010f0     0x4  startup_stm32f429x.o [1]
  .text              ro code  0x080010f4     0x4  startup_stm32f429x.o [1]
  .text              ro code  0x080010f8     0x4  startup_stm32f429x.o [1]
  .text              ro code  0x080010fc     0x4  startup_stm32f429x.o [1]
  .text              ro code  0x08001100     0x4  startup_stm32f429x.o [1]
  .text              ro code  0x08001104     0x4  startup_stm32f429x.o [1]
  .text              ro code  0x08001108     0x4  startup_stm32f429x.o [1]
  .text              ro code  0x0800110c     0x4  startup_stm32f429x.o [1]
  .text              ro code  0x08001110     0x4  startup_stm32f429x.o [1]
  .text              ro code  0x08001114     0x4  startup_stm32f429x.o [1]
  .text              ro code  0x08001118     0x4  startup_stm32f429x.o [1]
  .text              ro code  0x0800111c     0x4  startup_stm32f429x.o [1]
  .rodata            const    0x08001120     0x0  copy_init3.o [5]
  Initializer bytes  const    0x08001120    0x84  <for P2 s0>
                            - 0x080011a4   0xff8

"P2":                                     0x2088
  P2 s0                       0x20000000    0x84  <Init block>
    .data            inited   0x20000000    0x28  main.o [1]
    .bss             inited   0x20000028    0x18  flash.o [1]
    .data            inited   0x20000040    0x14  stm32f4xx_it.o [1]
    .data            inited   0x20000054    0x14  system_stm32f4xx.o [1]
    .data            inited   0x20000068    0x10  stm32f4xx_rcc.o [1]
    .bss             inited   0x20000078     0x4  main.o [1]
    .bss             inited   0x2000007c     0x4  stm32f4xx_it.o [1]
    .bss             inited   0x20000080     0x4  stm32f4xx_it.o [1]
  CSTACK                      0x20000088  0x2000  <Block>
    CSTACK           uninit   0x20000088  0x2000  <Block tail>
                            - 0x20002088  0x2088


*******************************************************************************
*** INIT TABLE
***

          Address     Size
          -------     ----
Copy (__iar_copy_init3)
    1 source range, total size 0x84:
          0x08001120  0x84
    1 destination range, total size 0x84:
          0x20000000  0x84



*******************************************************************************
*** MODULE SUMMARY
***

    Module                ro code  ro data  rw data
    ------                -------  -------  -------
C:\Users\Dell\Documents\IAR Embedded Workbench\testtt\Slave_Final\7.40.1\ST\STM32F4xx\STM32F4xx_DSP_StdPeriph_Lib\Project\STM32F4xx_StdPeriph_Templates\EWARM\STM324x9I_EVAL\Obj: [1]
    Config.o                  552
    flash.o                   136       24       24
    main.o                    852       44       44
    misc.o                    108
    startup_stm32f429x.o      804
    stm32f4xx_flash.o         326
    stm32f4xx_gpio.o          180
    stm32f4xx_it.o            200       28       28
    stm32f4xx_rcc.o           188       16       16
    stm32f4xx_tim.o           274
    stm32f4xx_usart.o         300
    system_stm32f4xx.o        240       20       20
    -----------------------------------------------
    Total:                  4 160      132      132

command line: [2]
    -----------------------------------------------
    Total:

dl7M_tln.a: [3]
    exit.o                      4
    low_level_init.o            4
    -----------------------------------------------
    Total:                      8

m7M_tls.a: [4]
    fpinit_M.o                 34
    -----------------------------------------------
    Total:                     34

rt7M_tl.a: [5]
    cexit.o                    10
    cmain.o                    26
    copy_init3.o               44
    cstartup_M.o               12
    data_init.o                40
    -----------------------------------------------
    Total:                    132

shb_l.a: [6]
    exit.o                     20
    -----------------------------------------------
    Total:                     20

    Gaps                        8        2
    Linker created                      20    8 192
---------------------------------------------------
    Grand Total:            4 362      154    8 324


*******************************************************************************
*** ENTRY LIST
***

Entry                      Address   Size  Type      Object
-----                      -------   ----  ----      ------
.iar.init_table$$Base   0x08000f44          --   Gb  - Linker created -
.iar.init_table$$Limit  0x08000f58          --   Gb  - Linker created -
?main                   0x08000f59         Code  Gb  cmain.o [5]
AHBPrescTable           0x20000054   0x10  Data  Gb  system_stm32f4xx.o [1]
APBAHBPrescTable        0x20000068   0x10  Data  Lc  stm32f4xx_rcc.o [1]
BusFault_Handler        0x08000e0b    0x2  Code  Gb  stm32f4xx_it.o [1]
CSTACK$$Base            0x20000088          --   Gb  - Linker created -
CSTACK$$Limit           0x20002088          --   Gb  - Linker created -
Config_PWM              0x0800078f   0x42  Code  Gb  Config.o [1]
DebugMon_Handler        0x08000e11    0x2  Code  Gb  stm32f4xx_it.o [1]
Delay                   0x080004a5   0x12  Code  Lc  main.o [1]
Encoder_Logic           0x080002a7   0x92  Code  Gb  main.o [1]
ErrorCheckEncoder       0x080003b5   0x80  Code  Gb  main.o [1]
FLAG                    0x20000000    0x1  Data  Gb  main.o [1]
FLASH_ClearFlag         0x08000d91    0x6  Code  Gb  stm32f4xx_flash.o [1]
FLASH_EraseSector       0x08000ce3   0x68  Code  Gb  stm32f4xx_flash.o [1]
FLASH_GetStatus         0x08000d97   0x38  Code  Gb  stm32f4xx_flash.o [1]
FLASH_Lock              0x08000cd5    0xe  Code  Gb  stm32f4xx_flash.o [1]
FLASH_ProgramWord       0x08000d4b   0x26  Code  Gb  stm32f4xx_flash.o [1]
FLASH_Unlock            0x08000cbd   0x18  Code  Gb  stm32f4xx_flash.o [1]
FLASH_WaitForLastOperation
                        0x08000de5   0x1e  Code  Gb  stm32f4xx_flash.o [1]
Flash_Data_Read_Buffer  0x20000038    0x4  Data  Gb  flash.o [1]
Flash_Data_Write_Buffer
                        0x2000003c    0x4  Data  Gb  flash.o [1]
GPIO_Config             0x080005f1  0x150  Code  Gb  Config.o [1]
GPIO_Init               0x08000819   0x70  Code  Gb  stm32f4xx_gpio.o [1]
GPIO_PinAFConfig        0x080008a9   0x24  Code  Gb  stm32f4xx_gpio.o [1]
GPIO_ReadInputDataBit   0x08000889    0xe  Code  Gb  stm32f4xx_gpio.o [1]
GPIO_ResetBits          0x0800089b    0x4  Code  Gb  stm32f4xx_gpio.o [1]
GPIO_SetBits            0x08000897    0x4  Code  Gb  stm32f4xx_gpio.o [1]
GPIO_WriteBit           0x0800089f    0xa  Code  Gb  stm32f4xx_gpio.o [1]
HardFault_Handler       0x08000e07    0x2  Code  Gb  stm32f4xx_it.o [1]
Init_Sequence           0x08000343   0x50  Code  Gb  main.o [1]
MemManage_Handler       0x08000e09    0x2  Code  Gb  stm32f4xx_it.o [1]
Motor_Logic             0x0800021f   0x6c  Code  Gb  main.o [1]
NMI_Handler             0x08000e05    0x2  Code  Gb  stm32f4xx_it.o [1]
NVIC_Init               0x08000c51   0x5a  Code  Gb  misc.o [1]
OpenGates               0x08000449   0x4c  Code  Gb  main.o [1]
PendSV_Handler          0x08000e13    0x2  Code  Gb  stm32f4xx_it.o [1]
RCC_AHB1PeriphClockCmd  0x08000ae9   0x12  Code  Gb  stm32f4xx_rcc.o [1]
RCC_APB1PeriphClockCmd  0x08000afb   0x12  Code  Gb  stm32f4xx_rcc.o [1]
RCC_GetClocksFreq       0x08000a69   0x80  Code  Gb  stm32f4xx_rcc.o [1]
ReadFromFlash           0x08000a31   0x16  Code  Gb  flash.o [1]
Region$$Table$$Base     0x08000f44          --   Gb  - Linker created -
Region$$Table$$Limit    0x08000f58          --   Gb  - Linker created -
SVC_Handler             0x08000e0f    0x2  Code  Gb  stm32f4xx_it.o [1]
SysTick_Handler         0x08000e15    0x4  Code  Gb  stm32f4xx_it.o [1]
SystemCoreClock         0x20000064    0x4  Data  Gb  system_stm32f4xx.o [1]
SystemInit              0x08000501   0xce  Code  Gb  system_stm32f4xx.o [1]
TIM_Cmd                 0x0800092f   0x14  Code  Gb  stm32f4xx_tim.o [1]
TIM_OC1Init             0x08000943   0x5c  Code  Gb  stm32f4xx_tim.o [1]
TIM_OC1PreloadConfig    0x080009d1    0x6  Code  Gb  stm32f4xx_tim.o [1]
TIM_TimeBaseInit        0x080008cd   0x62  Code  Gb  stm32f4xx_tim.o [1]
TM_PWM_Init             0x08000781    0xe  Code  Gb  Config.o [1]
TM_TIMER_Init           0x08000759   0x28  Code  Gb  Config.o [1]
TimingDelay_Decrement   0x080004b7    0xe  Code  Gb  main.o [1]
USART2_IRQHandler       0x08000e19   0xaa  Code  Gb  stm32f4xx_it.o [1]
USART_Cmd               0x08000bc9   0x14  Code  Gb  stm32f4xx_usart.o [1]
USART_GetITStatus       0x08000c15   0x3c  Code  Gb  stm32f4xx_usart.o [1]
USART_ITConfig          0x08000be5   0x30  Code  Gb  stm32f4xx_usart.o [1]
USART_Init              0x08000b25   0x9a  Code  Gb  stm32f4xx_usart.o [1]
USART_ReceiveData       0x08000bdd    0x8  Code  Gb  stm32f4xx_usart.o [1]
UsageFault_Handler      0x08000e0d    0x2  Code  Gb  stm32f4xx_it.o [1]
WriteToFlash            0x080009e1   0x50  Code  Gb  flash.o [1]
__cmain                 0x08000f59         Code  Gb  cmain.o [5]
__exit                  0x08000f89   0x14  Code  Gb  exit.o [6]
__iar_copy_init3        0x08000ecd   0x2c  Code  Gb  copy_init3.o [5]
__iar_data_init3        0x08000ef9   0x28  Code  Gb  data_init.o [5]
__iar_init_vfp          0x08000f21         Code  Gb  fpinit_M.o [4]
__iar_program_start     0x08000fad         Code  Gb  cstartup_M.o [5]
__low_level_init        0x08000f73    0x4  Code  Gb  low_level_init.o [3]
__vector_table          0x08000000         Data  Gb  startup_stm32f429x.o [1]
_call_main              0x08000f65         Code  Gb  cmain.o [5]
_exit                   0x08000f7d         Code  Gb  cexit.o [5]
_main                   0x08000f6f         Code  Gb  cmain.o [5]
aLastState              0x20000010    0x4  Data  Gb  main.o [1]
aState                  0x20000014    0x4  Data  Gb  main.o [1]
count                   0x20000004    0x4  Data  Gb  main.o [1]
counter                 0x20000018    0x4  Data  Gb  main.o [1]
counter_buf             0x2000001c    0x4  Data  Gb  main.o [1]
curr_pos_of_gate        0x20000048    0x1  Data  Gb  stm32f4xx_it.o [1]
direction               0x20000046    0x1  Data  Gb  stm32f4xx_it.o [1]
enc_pos                 0x2000007c    0x4  Data  Gb  stm32f4xx_it.o [1]
exit                    0x08000f77    0x4  Code  Gb  exit.o [3]
fire                    0x20000047    0x1  Data  Gb  stm32f4xx_it.o [1]
flag                    0x2000004c    0x4  Data  Gb  stm32f4xx_it.o [1]
flash_flag              0x20000024    0x4  Data  Gb  main.o [1]
free                    0x20000044    0x1  Data  Gb  stm32f4xx_it.o [1]
is_gate_moving          0x20000080    0x4  Data  Gb  stm32f4xx_it.o [1]
lastcounter             0x2000000c    0x4  Data  Gb  main.o [1]
main                    0x080001ad   0x72  Code  Gb  main.o [1]
oldcount                0x20000008    0x4  Data  Gb  main.o [1]
position                0x20000020    0x4  Data  Gb  main.o [1]
rx_array                0x20000040    0x4  Data  Gb  stm32f4xx_it.o [1]
speed                   0x20000045    0x1  Data  Gb  stm32f4xx_it.o [1]
uwAddress               0x20000030    0x4  Data  Gb  flash.o [1]
uwEndSector             0x2000002c    0x4  Data  Gb  flash.o [1]
uwSectorCounter         0x20000034    0x4  Data  Gb  flash.o [1]
uwStartSector           0x20000028    0x4  Data  Gb  flash.o [1]
uwTimingDelay           0x20000078    0x4  Data  Lc  main.o [1]
x                       0x20000050    0x4  Data  Gb  stm32f4xx_it.o [1]


[1] = C:\Users\Dell\Documents\IAR Embedded Workbench\testtt\Slave_Final\7.40.1\ST\STM32F4xx\STM32F4xx_DSP_StdPeriph_Lib\Project\STM32F4xx_StdPeriph_Templates\EWARM\STM324x9I_EVAL\Obj
[2] = command line
[3] = dl7M_tln.a
[4] = m7M_tls.a
[5] = rt7M_tl.a
[6] = shb_l.a

  4 362 bytes of readonly  code memory
    154 bytes of readonly  data memory
  8 324 bytes of readwrite data memory

Errors: none
Warnings: none
