###############################################################################
#
# IAR ELF Linker V8.50.1.245/W32 for ARM                  08/May/2020  11:47:24
# Copyright 2007-2020 IAR Systems AB.
#
#    Output file  =
#        E:\GIT\Slave PCB with
#        PID\Left_Gate\STM32F4xx_DSP_StdPeriph_Lib_V1.8.0\Project\STM32F4xx_StdPeriph_Templates\EWARM\STM32F413_423xx\Exe\Project.out
#    Map file     =
#        E:\GIT\Slave PCB with
#        PID\Left_Gate\STM32F4xx_DSP_StdPeriph_Lib_V1.8.0\Project\STM32F4xx_StdPeriph_Templates\EWARM\STM32F413_423xx\List\Project.map
#    Command line =
#        -f C:\Users\Dell\AppData\Local\Temp\EWF559.tmp ("E:\GIT\Slave PCB with
#        PID\Left_Gate\STM32F4xx_DSP_StdPeriph_Lib_V1.8.0\Project\STM32F4xx_StdPeriph_Templates\EWARM\STM32F413_423xx\Obj\Config.o"
#        "E:\GIT\Slave PCB with
#        PID\Left_Gate\STM32F4xx_DSP_StdPeriph_Lib_V1.8.0\Project\STM32F4xx_StdPeriph_Templates\EWARM\STM32F413_423xx\Obj\flash.o"
#        "E:\GIT\Slave PCB with
#        PID\Left_Gate\STM32F4xx_DSP_StdPeriph_Lib_V1.8.0\Project\STM32F4xx_StdPeriph_Templates\EWARM\STM32F413_423xx\Obj\main.o"
#        "E:\GIT\Slave PCB with
#        PID\Left_Gate\STM32F4xx_DSP_StdPeriph_Lib_V1.8.0\Project\STM32F4xx_StdPeriph_Templates\EWARM\STM32F413_423xx\Obj\misc.o"
#        "E:\GIT\Slave PCB with
#        PID\Left_Gate\STM32F4xx_DSP_StdPeriph_Lib_V1.8.0\Project\STM32F4xx_StdPeriph_Templates\EWARM\STM32F413_423xx\Obj\startup_stm32f413_423xx.o"
#        "E:\GIT\Slave PCB with
#        PID\Left_Gate\STM32F4xx_DSP_StdPeriph_Lib_V1.8.0\Project\STM32F4xx_StdPeriph_Templates\EWARM\STM32F413_423xx\Obj\stm32f4xx_adc.o"
#        "E:\GIT\Slave PCB with
#        PID\Left_Gate\STM32F4xx_DSP_StdPeriph_Lib_V1.8.0\Project\STM32F4xx_StdPeriph_Templates\EWARM\STM32F413_423xx\Obj\stm32f4xx_can.o"
#        "E:\GIT\Slave PCB with
#        PID\Left_Gate\STM32F4xx_DSP_StdPeriph_Lib_V1.8.0\Project\STM32F4xx_StdPeriph_Templates\EWARM\STM32F413_423xx\Obj\stm32f4xx_cec.o"
#        "E:\GIT\Slave PCB with
#        PID\Left_Gate\STM32F4xx_DSP_StdPeriph_Lib_V1.8.0\Project\STM32F4xx_StdPeriph_Templates\EWARM\STM32F413_423xx\Obj\stm32f4xx_crc.o"
#        "E:\GIT\Slave PCB with
#        PID\Left_Gate\STM32F4xx_DSP_StdPeriph_Lib_V1.8.0\Project\STM32F4xx_StdPeriph_Templates\EWARM\STM32F413_423xx\Obj\stm32f4xx_cryp.o"
#        "E:\GIT\Slave PCB with
#        PID\Left_Gate\STM32F4xx_DSP_StdPeriph_Lib_V1.8.0\Project\STM32F4xx_StdPeriph_Templates\EWARM\STM32F413_423xx\Obj\stm32f4xx_cryp_aes.o"
#        "E:\GIT\Slave PCB with
#        PID\Left_Gate\STM32F4xx_DSP_StdPeriph_Lib_V1.8.0\Project\STM32F4xx_StdPeriph_Templates\EWARM\STM32F413_423xx\Obj\stm32f4xx_cryp_des.o"
#        "E:\GIT\Slave PCB with
#        PID\Left_Gate\STM32F4xx_DSP_StdPeriph_Lib_V1.8.0\Project\STM32F4xx_StdPeriph_Templates\EWARM\STM32F413_423xx\Obj\stm32f4xx_cryp_tdes.o"
#        "E:\GIT\Slave PCB with
#        PID\Left_Gate\STM32F4xx_DSP_StdPeriph_Lib_V1.8.0\Project\STM32F4xx_StdPeriph_Templates\EWARM\STM32F413_423xx\Obj\stm32f4xx_dac.o"
#        "E:\GIT\Slave PCB with
#        PID\Left_Gate\STM32F4xx_DSP_StdPeriph_Lib_V1.8.0\Project\STM32F4xx_StdPeriph_Templates\EWARM\STM32F413_423xx\Obj\stm32f4xx_dbgmcu.o"
#        "E:\GIT\Slave PCB with
#        PID\Left_Gate\STM32F4xx_DSP_StdPeriph_Lib_V1.8.0\Project\STM32F4xx_StdPeriph_Templates\EWARM\STM32F413_423xx\Obj\stm32f4xx_dcmi.o"
#        "E:\GIT\Slave PCB with
#        PID\Left_Gate\STM32F4xx_DSP_StdPeriph_Lib_V1.8.0\Project\STM32F4xx_StdPeriph_Templates\EWARM\STM32F413_423xx\Obj\stm32f4xx_dfsdm.o"
#        "E:\GIT\Slave PCB with
#        PID\Left_Gate\STM32F4xx_DSP_StdPeriph_Lib_V1.8.0\Project\STM32F4xx_StdPeriph_Templates\EWARM\STM32F413_423xx\Obj\stm32f4xx_dma.o"
#        "E:\GIT\Slave PCB with
#        PID\Left_Gate\STM32F4xx_DSP_StdPeriph_Lib_V1.8.0\Project\STM32F4xx_StdPeriph_Templates\EWARM\STM32F413_423xx\Obj\stm32f4xx_dma2d.o"
#        "E:\GIT\Slave PCB with
#        PID\Left_Gate\STM32F4xx_DSP_StdPeriph_Lib_V1.8.0\Project\STM32F4xx_StdPeriph_Templates\EWARM\STM32F413_423xx\Obj\stm32f4xx_dsi.o"
#        "E:\GIT\Slave PCB with
#        PID\Left_Gate\STM32F4xx_DSP_StdPeriph_Lib_V1.8.0\Project\STM32F4xx_StdPeriph_Templates\EWARM\STM32F413_423xx\Obj\stm32f4xx_exti.o"
#        "E:\GIT\Slave PCB with
#        PID\Left_Gate\STM32F4xx_DSP_StdPeriph_Lib_V1.8.0\Project\STM32F4xx_StdPeriph_Templates\EWARM\STM32F413_423xx\Obj\stm32f4xx_flash.o"
#        "E:\GIT\Slave PCB with
#        PID\Left_Gate\STM32F4xx_DSP_StdPeriph_Lib_V1.8.0\Project\STM32F4xx_StdPeriph_Templates\EWARM\STM32F413_423xx\Obj\stm32f4xx_flash_ramfunc.o"
#        "E:\GIT\Slave PCB with
#        PID\Left_Gate\STM32F4xx_DSP_StdPeriph_Lib_V1.8.0\Project\STM32F4xx_StdPeriph_Templates\EWARM\STM32F413_423xx\Obj\stm32f4xx_fmpi2c.o"
#        "E:\GIT\Slave PCB with
#        PID\Left_Gate\STM32F4xx_DSP_StdPeriph_Lib_V1.8.0\Project\STM32F4xx_StdPeriph_Templates\EWARM\STM32F413_423xx\Obj\stm32f4xx_fsmc.o"
#        "E:\GIT\Slave PCB with
#        PID\Left_Gate\STM32F4xx_DSP_StdPeriph_Lib_V1.8.0\Project\STM32F4xx_StdPeriph_Templates\EWARM\STM32F413_423xx\Obj\stm32f4xx_gpio.o"
#        "E:\GIT\Slave PCB with
#        PID\Left_Gate\STM32F4xx_DSP_StdPeriph_Lib_V1.8.0\Project\STM32F4xx_StdPeriph_Templates\EWARM\STM32F413_423xx\Obj\stm32f4xx_hash.o"
#        "E:\GIT\Slave PCB with
#        PID\Left_Gate\STM32F4xx_DSP_StdPeriph_Lib_V1.8.0\Project\STM32F4xx_StdPeriph_Templates\EWARM\STM32F413_423xx\Obj\stm32f4xx_hash_md5.o"
#        "E:\GIT\Slave PCB with
#        PID\Left_Gate\STM32F4xx_DSP_StdPeriph_Lib_V1.8.0\Project\STM32F4xx_StdPeriph_Templates\EWARM\STM32F413_423xx\Obj\stm32f4xx_hash_sha1.o"
#        "E:\GIT\Slave PCB with
#        PID\Left_Gate\STM32F4xx_DSP_StdPeriph_Lib_V1.8.0\Project\STM32F4xx_StdPeriph_Templates\EWARM\STM32F413_423xx\Obj\stm32f4xx_i2c.o"
#        "E:\GIT\Slave PCB with
#        PID\Left_Gate\STM32F4xx_DSP_StdPeriph_Lib_V1.8.0\Project\STM32F4xx_StdPeriph_Templates\EWARM\STM32F413_423xx\Obj\stm32f4xx_it.o"
#        "E:\GIT\Slave PCB with
#        PID\Left_Gate\STM32F4xx_DSP_StdPeriph_Lib_V1.8.0\Project\STM32F4xx_StdPeriph_Templates\EWARM\STM32F413_423xx\Obj\stm32f4xx_iwdg.o"
#        "E:\GIT\Slave PCB with
#        PID\Left_Gate\STM32F4xx_DSP_StdPeriph_Lib_V1.8.0\Project\STM32F4xx_StdPeriph_Templates\EWARM\STM32F413_423xx\Obj\stm32f4xx_lptim.o"
#        "E:\GIT\Slave PCB with
#        PID\Left_Gate\STM32F4xx_DSP_StdPeriph_Lib_V1.8.0\Project\STM32F4xx_StdPeriph_Templates\EWARM\STM32F413_423xx\Obj\stm32f4xx_ltdc.o"
#        "E:\GIT\Slave PCB with
#        PID\Left_Gate\STM32F4xx_DSP_StdPeriph_Lib_V1.8.0\Project\STM32F4xx_StdPeriph_Templates\EWARM\STM32F413_423xx\Obj\stm32f4xx_pwr.o"
#        "E:\GIT\Slave PCB with
#        PID\Left_Gate\STM32F4xx_DSP_StdPeriph_Lib_V1.8.0\Project\STM32F4xx_StdPeriph_Templates\EWARM\STM32F413_423xx\Obj\stm32f4xx_qspi.o"
#        "E:\GIT\Slave PCB with
#        PID\Left_Gate\STM32F4xx_DSP_StdPeriph_Lib_V1.8.0\Project\STM32F4xx_StdPeriph_Templates\EWARM\STM32F413_423xx\Obj\stm32f4xx_rcc.o"
#        "E:\GIT\Slave PCB with
#        PID\Left_Gate\STM32F4xx_DSP_StdPeriph_Lib_V1.8.0\Project\STM32F4xx_StdPeriph_Templates\EWARM\STM32F413_423xx\Obj\stm32f4xx_rng.o"
#        "E:\GIT\Slave PCB with
#        PID\Left_Gate\STM32F4xx_DSP_StdPeriph_Lib_V1.8.0\Project\STM32F4xx_StdPeriph_Templates\EWARM\STM32F413_423xx\Obj\stm32f4xx_rtc.o"
#        "E:\GIT\Slave PCB with
#        PID\Left_Gate\STM32F4xx_DSP_StdPeriph_Lib_V1.8.0\Project\STM32F4xx_StdPeriph_Templates\EWARM\STM32F413_423xx\Obj\stm32f4xx_sai.o"
#        "E:\GIT\Slave PCB with
#        PID\Left_Gate\STM32F4xx_DSP_StdPeriph_Lib_V1.8.0\Project\STM32F4xx_StdPeriph_Templates\EWARM\STM32F413_423xx\Obj\stm32f4xx_sdio.o"
#        "E:\GIT\Slave PCB with
#        PID\Left_Gate\STM32F4xx_DSP_StdPeriph_Lib_V1.8.0\Project\STM32F4xx_StdPeriph_Templates\EWARM\STM32F413_423xx\Obj\stm32f4xx_spdifrx.o"
#        "E:\GIT\Slave PCB with
#        PID\Left_Gate\STM32F4xx_DSP_StdPeriph_Lib_V1.8.0\Project\STM32F4xx_StdPeriph_Templates\EWARM\STM32F413_423xx\Obj\stm32f4xx_spi.o"
#        "E:\GIT\Slave PCB with
#        PID\Left_Gate\STM32F4xx_DSP_StdPeriph_Lib_V1.8.0\Project\STM32F4xx_StdPeriph_Templates\EWARM\STM32F413_423xx\Obj\stm32f4xx_syscfg.o"
#        "E:\GIT\Slave PCB with
#        PID\Left_Gate\STM32F4xx_DSP_StdPeriph_Lib_V1.8.0\Project\STM32F4xx_StdPeriph_Templates\EWARM\STM32F413_423xx\Obj\stm32f4xx_tim.o"
#        "E:\GIT\Slave PCB with
#        PID\Left_Gate\STM32F4xx_DSP_StdPeriph_Lib_V1.8.0\Project\STM32F4xx_StdPeriph_Templates\EWARM\STM32F413_423xx\Obj\stm32f4xx_usart.o"
#        "E:\GIT\Slave PCB with
#        PID\Left_Gate\STM32F4xx_DSP_StdPeriph_Lib_V1.8.0\Project\STM32F4xx_StdPeriph_Templates\EWARM\STM32F413_423xx\Obj\stm32f4xx_wwdg.o"
#        "E:\GIT\Slave PCB with
#        PID\Left_Gate\STM32F4xx_DSP_StdPeriph_Lib_V1.8.0\Project\STM32F4xx_StdPeriph_Templates\EWARM\STM32F413_423xx\Obj\system_stm32f4xx.o"
#        --redirect _Printf=_PrintfSmall --redirect _Scanf=_ScanfSmall
#        --no_out_extension -o "E:\GIT\Slave PCB with
#        PID\Left_Gate\STM32F4xx_DSP_StdPeriph_Lib_V1.8.0\Project\STM32F4xx_StdPeriph_Templates\EWARM\STM32F413_423xx\Exe\Project.out"
#        --map "E:\GIT\Slave PCB with
#        PID\Left_Gate\STM32F4xx_DSP_StdPeriph_Lib_V1.8.0\Project\STM32F4xx_StdPeriph_Templates\EWARM\STM32F413_423xx\List\Project.map"
#        --config "E:\GIT\Slave PCB with
#        PID\Left_Gate\STM32F4xx_DSP_StdPeriph_Lib_V1.8.0\Project\STM32F4xx_StdPeriph_Templates\EWARM\stm32f4xx_flash.icf"
#        --semihosting --entry __iar_program_start --vfe --text_out locale)
#
###############################################################################

*******************************************************************************
*** RUNTIME MODEL ATTRIBUTES
***

CppFlavor       = *
__SystemLibrary = DLib
__dlib_version  = 6


*******************************************************************************
*** HEAP SELECTION
***

The basic heap was selected because some modules are built with
size limitations (and not runtime checking), and --advanced_heap
was not specified.


*******************************************************************************
*** PLACEMENT SUMMARY
***

"A0":  place at address 0x800'0000 { ro section .intvec };
"P1":  place in [from 0x800'0000 to 0x81f'ffff] { ro };
define block CSTACK with size = 1K, alignment = 8 { };
define block HEAP with size = 512, alignment = 8 { };
"P2":  place in [from 0x2000'0000 to 0x2002'ffff] {
          rw, block CSTACK, block HEAP };
initialize by copy { rw };

  Section            Kind         Address    Size  Object
  -------            ----         -------    ----  ------
"A0":                                       0x1d8
  .intvec            ro code   0x800'0000   0x1d8  startup_stm32f413_423xx.o [1]
                             - 0x800'01d8   0x1d8

"P1":                                      0x1448
  .text              ro code   0x800'01d8   0x534  main.o [1]
  .text              ro code   0x800'070c    0xec  system_stm32f4xx.o [1]
  .text              ro code   0x800'07f8   0x458  Config.o [1]
  .text              ro code   0x800'0c50    0xb6  stm32f4xx_gpio.o [1]
  .text              ro code   0x800'0d08    0x84  flash.o [1]
  .text              ro code   0x800'0d8c   0x10a  stm32f4xx_tim.o [1]
  .text              ro code   0x800'0e98    0xf0  stm32f4xx_rcc.o [1]
  .text              ro code   0x800'0f88   0x13a  stm32f4xx_usart.o [1]
  .text              ro code   0x800'10c4    0x68  misc.o [1]
  .text              ro code   0x800'112c   0x14e  stm32f4xx_flash.o [1]
  .text              ro code   0x800'127c   0x108  stm32f4xx_it.o [1]
  .text              ro code   0x800'1384    0x38  packbits_init_single.o [4]
  .text              ro code   0x800'13bc    0x28  data_init.o [4]
  .text              ro code   0x800'13e4    0x22  fpinit_M.o [3]
  .iar.init_table    const     0x800'1408    0x10  - Linker created -
  .text              ro code   0x800'1418    0x1e  cmain.o [4]
  .text              ro code   0x800'1436     0x4  low_level_init.o [2]
  .text              ro code   0x800'143a     0x4  exit.o [2]
  .text              ro code   0x800'1440     0xa  cexit.o [4]
  .text              ro code   0x800'144c    0x14  exit.o [5]
  .text              ro code   0x800'1460    0x10  startup_stm32f413_423xx.o [1]
  .text              ro code   0x800'1470     0xc  cstartup_M.o [4]
  .text              ro code   0x800'147c     0x4  startup_stm32f413_423xx.o [1]
  .text              ro code   0x800'1480     0x4  startup_stm32f413_423xx.o [1]
  .text              ro code   0x800'1484     0x4  startup_stm32f413_423xx.o [1]
  .text              ro code   0x800'1488     0x4  startup_stm32f413_423xx.o [1]
  .text              ro code   0x800'148c     0x4  startup_stm32f413_423xx.o [1]
  .text              ro code   0x800'1490     0x4  startup_stm32f413_423xx.o [1]
  .text              ro code   0x800'1494     0x4  startup_stm32f413_423xx.o [1]
  .text              ro code   0x800'1498     0x4  startup_stm32f413_423xx.o [1]
  .text              ro code   0x800'149c     0x4  startup_stm32f413_423xx.o [1]
  .text              ro code   0x800'14a0     0x4  startup_stm32f413_423xx.o [1]
  .text              ro code   0x800'14a4     0x4  startup_stm32f413_423xx.o [1]
  .text              ro code   0x800'14a8     0x4  startup_stm32f413_423xx.o [1]
  .text              ro code   0x800'14ac     0x4  startup_stm32f413_423xx.o [1]
  .text              ro code   0x800'14b0     0x4  startup_stm32f413_423xx.o [1]
  .text              ro code   0x800'14b4     0x4  startup_stm32f413_423xx.o [1]
  .text              ro code   0x800'14b8     0x4  startup_stm32f413_423xx.o [1]
  .text              ro code   0x800'14bc     0x4  startup_stm32f413_423xx.o [1]
  .text              ro code   0x800'14c0     0x4  startup_stm32f413_423xx.o [1]
  .text              ro code   0x800'14c4     0x4  startup_stm32f413_423xx.o [1]
  .text              ro code   0x800'14c8     0x4  startup_stm32f413_423xx.o [1]
  .text              ro code   0x800'14cc     0x4  startup_stm32f413_423xx.o [1]
  .text              ro code   0x800'14d0     0x4  startup_stm32f413_423xx.o [1]
  .text              ro code   0x800'14d4     0x4  startup_stm32f413_423xx.o [1]
  .text              ro code   0x800'14d8     0x4  startup_stm32f413_423xx.o [1]
  .text              ro code   0x800'14dc     0x4  startup_stm32f413_423xx.o [1]
  .text              ro code   0x800'14e0     0x4  startup_stm32f413_423xx.o [1]
  .text              ro code   0x800'14e4     0x4  startup_stm32f413_423xx.o [1]
  .text              ro code   0x800'14e8     0x4  startup_stm32f413_423xx.o [1]
  .text              ro code   0x800'14ec     0x4  startup_stm32f413_423xx.o [1]
  .text              ro code   0x800'14f0     0x4  startup_stm32f413_423xx.o [1]
  .text              ro code   0x800'14f4     0x4  startup_stm32f413_423xx.o [1]
  .text              ro code   0x800'14f8     0x4  startup_stm32f413_423xx.o [1]
  .text              ro code   0x800'14fc     0x4  startup_stm32f413_423xx.o [1]
  .text              ro code   0x800'1500     0x4  startup_stm32f413_423xx.o [1]
  .text              ro code   0x800'1504     0x4  startup_stm32f413_423xx.o [1]
  .text              ro code   0x800'1508     0x4  startup_stm32f413_423xx.o [1]
  .text              ro code   0x800'150c     0x4  startup_stm32f413_423xx.o [1]
  .text              ro code   0x800'1510     0x4  startup_stm32f413_423xx.o [1]
  .text              ro code   0x800'1514     0x4  startup_stm32f413_423xx.o [1]
  .text              ro code   0x800'1518     0x4  startup_stm32f413_423xx.o [1]
  .text              ro code   0x800'151c     0x4  startup_stm32f413_423xx.o [1]
  .text              ro code   0x800'1520     0x4  startup_stm32f413_423xx.o [1]
  .text              ro code   0x800'1524     0x4  startup_stm32f413_423xx.o [1]
  .text              ro code   0x800'1528     0x4  startup_stm32f413_423xx.o [1]
  .text              ro code   0x800'152c     0x4  startup_stm32f413_423xx.o [1]
  .text              ro code   0x800'1530     0x4  startup_stm32f413_423xx.o [1]
  .text              ro code   0x800'1534     0x4  startup_stm32f413_423xx.o [1]
  .text              ro code   0x800'1538     0x4  startup_stm32f413_423xx.o [1]
  .text              ro code   0x800'153c     0x4  startup_stm32f413_423xx.o [1]
  .text              ro code   0x800'1540     0x4  startup_stm32f413_423xx.o [1]
  .text              ro code   0x800'1544     0x4  startup_stm32f413_423xx.o [1]
  .text              ro code   0x800'1548     0x4  startup_stm32f413_423xx.o [1]
  .text              ro code   0x800'154c     0x4  startup_stm32f413_423xx.o [1]
  .text              ro code   0x800'1550     0x4  startup_stm32f413_423xx.o [1]
  .text              ro code   0x800'1554     0x4  startup_stm32f413_423xx.o [1]
  .text              ro code   0x800'1558     0x4  startup_stm32f413_423xx.o [1]
  .text              ro code   0x800'155c     0x4  startup_stm32f413_423xx.o [1]
  .text              ro code   0x800'1560     0x4  startup_stm32f413_423xx.o [1]
  .text              ro code   0x800'1564     0x4  startup_stm32f413_423xx.o [1]
  .text              ro code   0x800'1568     0x4  startup_stm32f413_423xx.o [1]
  .text              ro code   0x800'156c     0x4  startup_stm32f413_423xx.o [1]
  .text              ro code   0x800'1570     0x4  startup_stm32f413_423xx.o [1]
  .text              ro code   0x800'1574     0x4  startup_stm32f413_423xx.o [1]
  .text              ro code   0x800'1578     0x4  startup_stm32f413_423xx.o [1]
  .text              ro code   0x800'157c     0x4  startup_stm32f413_423xx.o [1]
  .text              ro code   0x800'1580     0x4  startup_stm32f413_423xx.o [1]
  .text              ro code   0x800'1584     0x4  startup_stm32f413_423xx.o [1]
  .text              ro code   0x800'1588     0x4  startup_stm32f413_423xx.o [1]
  .text              ro code   0x800'158c     0x4  startup_stm32f413_423xx.o [1]
  .text              ro code   0x800'1590     0x4  startup_stm32f413_423xx.o [1]
  .text              ro code   0x800'1594     0x4  startup_stm32f413_423xx.o [1]
  .text              ro code   0x800'1598     0x4  startup_stm32f413_423xx.o [1]
  .text              ro code   0x800'159c     0x4  startup_stm32f413_423xx.o [1]
  .text              ro code   0x800'15a0     0x4  startup_stm32f413_423xx.o [1]
  .text              ro code   0x800'15a4     0x4  startup_stm32f413_423xx.o [1]
  .text              ro code   0x800'15a8     0x4  startup_stm32f413_423xx.o [1]
  .text              ro code   0x800'15ac     0x4  startup_stm32f413_423xx.o [1]
  .text              ro code   0x800'15b0     0x4  startup_stm32f413_423xx.o [1]
  .text              ro code   0x800'15b4     0x4  startup_stm32f413_423xx.o [1]
  .text              ro code   0x800'15b8     0x4  startup_stm32f413_423xx.o [1]
  .text              ro code   0x800'15bc     0x4  startup_stm32f413_423xx.o [1]
  .text              ro code   0x800'15c0     0x4  startup_stm32f413_423xx.o [1]
  .text              ro code   0x800'15c4     0x4  startup_stm32f413_423xx.o [1]
  .text              ro code   0x800'15c8     0x4  startup_stm32f413_423xx.o [1]
  .text              ro code   0x800'15cc     0x4  startup_stm32f413_423xx.o [1]
  .text              ro code   0x800'15d0     0x4  startup_stm32f413_423xx.o [1]
  .text              ro code   0x800'15d4     0x4  startup_stm32f413_423xx.o [1]
  .text              ro code   0x800'15d8     0x4  startup_stm32f413_423xx.o [1]
  .text              ro code   0x800'15dc     0x4  startup_stm32f413_423xx.o [1]
  .text              ro code   0x800'15e0     0x4  startup_stm32f413_423xx.o [1]
  .text              ro code   0x800'15e4     0x4  startup_stm32f413_423xx.o [1]
  .text              ro code   0x800'15e8     0x4  startup_stm32f413_423xx.o [1]
  .text              ro code   0x800'15ec     0x4  startup_stm32f413_423xx.o [1]
  .text              ro code   0x800'15f0     0x4  startup_stm32f413_423xx.o [1]
  .text              ro code   0x800'15f4     0x4  startup_stm32f413_423xx.o [1]
  .rodata            const     0x800'15f8     0x0  packbits_init_single.o [4]
  Initializer bytes  const     0x800'15f8    0x28  <for P2-1>
                             - 0x800'1620  0x1448

"P2", part 1 of 2:                           0xc0
  P2-1                        0x2000'0000    0xc0  <Init block>
    .data            inited   0x2000'0000    0x58  main.o [1]
    .data            inited   0x2000'0058    0x18  stm32f4xx_it.o [1]
    .data            inited   0x2000'0070    0x10  stm32f4xx_rcc.o [1]
    .data            inited   0x2000'0080    0x14  system_stm32f4xx.o [1]
    .bss             inited   0x2000'0094     0x8  Config.o [1]
    .bss             inited   0x2000'009c     0x8  Config.o [1]
    .bss             inited   0x2000'00a4    0x18  flash.o [1]
    .bss             inited   0x2000'00bc     0x4  stm32f4xx_it.o [1]
                            - 0x2000'00c0    0xc0

"P2", part 2 of 2:                          0x400
  CSTACK                      0x2000'00c0   0x400  <Block>
    CSTACK           uninit   0x2000'00c0   0x400  <Block tail>
                            - 0x2000'04c0   0x400

Unused ranges:

         From           To       Size
         ----           --       ----
   0x800'1620   0x81f'ffff  0x1f'e9e0
  0x2000'04c0  0x2002'ffff   0x2'fb40


*******************************************************************************
*** INIT TABLE
***

          Address      Size
          -------      ----
Copy/packbits (__iar_packbits_init_single3)
    1 source range, total size 0x28 (20% of destination):
           0x800'15f8  0x28
    1 destination range, total size 0xc0:
          0x2000'0000  0xc0



*******************************************************************************
*** MODULE SUMMARY
***

    Module                     ro code  ro data  rw data
    ------                     -------  -------  -------
command line/config:
    ----------------------------------------------------
    Total:

E:\GIT\Slave PCB with PID\Left_Gate\STM32F4xx_DSP_StdPeriph_Lib_V1.8.0\Project\STM32F4xx_StdPeriph_Templates\EWARM\STM32F413_423xx\Obj: [1]
    Config.o                     1'112        4       16
    flash.o                        132        5       24
    main.o                       1'332       18       88
    misc.o                         104
    startup_stm32f413_423xx.o      868
    stm32f4xx_flash.o              334
    stm32f4xx_gpio.o               182
    stm32f4xx_it.o                 264        6       28
    stm32f4xx_rcc.o                240        3       16
    stm32f4xx_tim.o                266
    stm32f4xx_usart.o              314
    system_stm32f4xx.o             236        4       20
    ----------------------------------------------------
    Total:                       5'384       40      192

dl7M_tln.a: [2]
    exit.o                           4
    low_level_init.o                 4
    ----------------------------------------------------
    Total:                           8

m7M_tls.a: [3]
    fpinit_M.o                      34
    ----------------------------------------------------
    Total:                          34

rt7M_tl.a: [4]
    cexit.o                         10
    cmain.o                         30
    cstartup_M.o                    12
    data_init.o                     40
    packbits_init_single.o          56
    ----------------------------------------------------
    Total:                         148

shb_l.a: [5]
    exit.o                          20
    ----------------------------------------------------
    Total:                          20

    Gaps                            12        2
    Linker created                           16    1'024
--------------------------------------------------------
    Grand Total:                 5'606       58    1'216


*******************************************************************************
*** ENTRY LIST
***

Entry                       Address   Size  Type      Object
-----                       -------   ----  ----      ------
.iar.init_table$$Base    0x800'1408          --   Gb  - Linker created -
.iar.init_table$$Limit   0x800'1418          --   Gb  - Linker created -
?main                    0x800'1419         Code  Gb  cmain.o [4]
AHBPrescTable           0x2000'0080   0x10  Data  Gb  system_stm32f4xx.o [1]
APBAHBPrescTable        0x2000'0070   0x10  Data  Lc  stm32f4xx_rcc.o [1]
BusFault_Handler         0x800'1283    0x2  Code  Gb  stm32f4xx_it.o [1]
CSTACK$$Base            0x2000'00c0          --   Gb  - Linker created -
CSTACK$$Limit           0x2000'04c0          --   Gb  - Linker created -
Config_PWM               0x800'0a45   0x72  Code  Gb  Config.o [1]
DebugMon_Handler         0x800'1289    0x2  Code  Gb  stm32f4xx_it.o [1]
Dir_AntiClkwise          0x800'0b5d    0x8  Code  Gb  Config.o [1]
Dir_Clkwise              0x800'0b55    0x8  Code  Gb  Config.o [1]
DisEngageBrakes          0x800'0b49    0x2  Code  Gb  Config.o [1]
DisEngageClutch          0x800'0b69    0x2  Code  Gb  Config.o [1]
Encoder_Logic            0x800'0365   0xaa  Code  Gb  main.o [1]
EngageBrakes             0x800'0b45    0x4  Code  Gb  Config.o [1]
EngageClutch             0x800'0b65    0x4  Code  Gb  Config.o [1]
ErrorCheckEncoder        0x800'0517   0x6e  Code  Gb  main.o [1]
FLAG                    0x2000'0000    0x1  Data  Gb  main.o [1]
FLASH_ClearFlag          0x800'1209    0x6  Code  Gb  stm32f4xx_flash.o [1]
FLASH_EraseSector        0x800'1153   0x6a  Code  Gb  stm32f4xx_flash.o [1]
FLASH_GetStatus          0x800'120f   0x38  Code  Gb  stm32f4xx_flash.o [1]
FLASH_Lock               0x800'1145    0xe  Code  Gb  stm32f4xx_flash.o [1]
FLASH_ProgramWord        0x800'11bd   0x22  Code  Gb  stm32f4xx_flash.o [1]
FLASH_Unlock             0x800'112d   0x18  Code  Gb  stm32f4xx_flash.o [1]
FLASH_WaitForLastOperation
                         0x800'125d   0x1e  Code  Gb  stm32f4xx_flash.o [1]
Flash_Data_Read_Buffer  0x2000'00b4    0x4  Data  Gb  flash.o [1]
Flash_Data_Write_Buffer
                        0x2000'00b8    0x4  Data  Gb  flash.o [1]
GPIO_Config              0x800'07f9  0x1cc  Code  Gb  Config.o [1]
GPIO_Init                0x800'0c51   0x7c  Code  Gb  stm32f4xx_gpio.o [1]
GPIO_InitStructure      0x2000'009c    0x8  Data  Gb  Config.o [1]
GPIO_PinAFConfig         0x800'0ce5   0x22  Code  Gb  stm32f4xx_gpio.o [1]
GPIO_ReadInputDataBit    0x800'0ccd    0xe  Code  Gb  stm32f4xx_gpio.o [1]
GPIO_WriteBit            0x800'0cdb    0xa  Code  Gb  stm32f4xx_gpio.o [1]
GoEntry                  0x800'0b91   0x12  Code  Gb  Config.o [1]
GoExit                   0x800'0bbf   0x14  Code  Gb  Config.o [1]
GoGate                   0x800'0bf1    0xe  Code  Gb  Config.o [1]
HardFault_Handler        0x800'127f    0x2  Code  Gb  stm32f4xx_it.o [1]
Init_Sequence            0x800'0419   0xec  Code  Gb  main.o [1]
MemManage_Handler        0x800'1281    0x2  Code  Gb  stm32f4xx_it.o [1]
Motor_Logic              0x800'02ad   0xb8  Code  Gb  main.o [1]
NMI_Handler              0x800'127d    0x2  Code  Gb  stm32f4xx_it.o [1]
NVIC_Init                0x800'10c5   0x56  Code  Gb  misc.o [1]
OpenCloseGates           0x800'0599   0xbc  Code  Gb  main.o [1]
PID                     0x2000'0004   0x24  Data  Gb  main.o [1]
PendSV_Handler           0x800'128b    0x2  Code  Gb  stm32f4xx_it.o [1]
RCC_AHB1PeriphClockCmd   0x800'0f49   0x14  Code  Gb  stm32f4xx_rcc.o [1]
RCC_APB1PeriphClockCmd   0x800'0f5d   0x14  Code  Gb  stm32f4xx_rcc.o [1]
RCC_GetClocksFreq        0x800'0e99   0x90  Code  Gb  stm32f4xx_rcc.o [1]
ReadFromFlash            0x800'0d55   0x16  Code  Gb  flash.o [1]
Region$$Table$$Base      0x800'1408          --   Gb  - Linker created -
Region$$Table$$Limit     0x800'1418          --   Gb  - Linker created -
SVC_Handler              0x800'1287    0x2  Code  Gb  stm32f4xx_it.o [1]
StopEntry                0x800'0b75   0x14  Code  Gb  Config.o [1]
StopExit                 0x800'0ba9   0x16  Code  Gb  Config.o [1]
StopGate                 0x800'0bd9   0x10  Code  Gb  Config.o [1]
SysTick_Handler          0x800'128d    0xe  Code  Gb  stm32f4xx_it.o [1]
SystemCoreClock         0x2000'0090    0x4  Data  Gb  system_stm32f4xx.o [1]
SystemInit               0x800'070d   0xca  Code  Gb  system_stm32f4xx.o [1]
TIM_Cmd                  0x800'0df5   0x14  Code  Gb  stm32f4xx_tim.o [1]
TIM_OC1Init              0x800'0e09   0x64  Code  Gb  stm32f4xx_tim.o [1]
TIM_OC1PreloadConfig     0x800'0e89    0x6  Code  Gb  stm32f4xx_tim.o [1]
TIM_TimeBaseInit         0x800'0d8d   0x62  Code  Gb  stm32f4xx_tim.o [1]
TM_PWM_Init              0x800'0a1d   0x28  Code  Gb  Config.o [1]
TM_TIMER_Init            0x800'09f5   0x28  Code  Gb  Config.o [1]
TimingDelay_Decrement    0x800'06b3    0xe  Code  Gb  main.o [1]
UART5_IRQHandler         0x800'129b   0xe0  Code  Gb  stm32f4xx_it.o [1]
USART_Cmd                0x800'1031   0x14  Code  Gb  stm32f4xx_usart.o [1]
USART_GetITStatus        0x800'1085   0x3e  Code  Gb  stm32f4xx_usart.o [1]
USART_ITConfig           0x800'1053   0x32  Code  Gb  stm32f4xx_usart.o [1]
USART_Init               0x800'0f89   0x9e  Code  Gb  stm32f4xx_usart.o [1]
USART_ReceiveData        0x800'1045    0x8  Code  Gb  stm32f4xx_usart.o [1]
UsageFault_Handler       0x800'1285    0x2  Code  Gb  stm32f4xx_it.o [1]
WriteToFlash             0x800'0d09   0x4c  Code  Gb  flash.o [1]
__cmain                  0x800'1419         Code  Gb  cmain.o [4]
__exit                   0x800'144d   0x14  Code  Gb  exit.o [5]
__iar_data_init3         0x800'13bd   0x28  Code  Gb  data_init.o [4]
__iar_init_vfp           0x800'13e5         Code  Gb  fpinit_M.o [3]
__iar_packbits_init_single3
                         0x800'1385   0x38  Code  Gb  packbits_init_single.o [4]
__iar_program_start      0x800'1471         Code  Gb  cstartup_M.o [4]
__low_level_init         0x800'1437    0x4  Code  Gb  low_level_init.o [2]
__vector_table           0x800'0000         Data  Gb  startup_stm32f413_423xx.o [1]
_call_main               0x800'1425         Code  Gb  cmain.o [4]
_exit                    0x800'1441         Code  Gb  cexit.o [4]
_main                    0x800'1433         Code  Gb  cmain.o [4]
aLastState              0x2000'0034    0x4  Data  Gb  main.o [1]
aState                  0x2000'0038    0x4  Data  Gb  main.o [1]
adjust_pwm               0x800'0af7   0x46  Code  Gb  Config.o [1]
count                   0x2000'0028    0x4  Data  Gb  main.o [1]
counter                 0x2000'003c    0x4  Data  Gb  main.o [1]
counter_buf             0x2000'0040    0x4  Data  Gb  main.o [1]
curr_pos_of_gate        0x2000'0061    0x1  Data  Gb  stm32f4xx_it.o [1]
direction               0x2000'005e    0x1  Data  Gb  stm32f4xx_it.o [1]
duty                    0x2000'0050    0x4  Data  Gb  main.o [1]
enc_pos                 0x2000'00bc    0x4  Data  Gb  stm32f4xx_it.o [1]
exit                     0x800'143b    0x4  Code  Gb  exit.o [2]
fire                    0x2000'005f    0x1  Data  Gb  stm32f4xx_it.o [1]
flag                    0x2000'0064    0x4  Data  Gb  stm32f4xx_it.o [1]
flash_flag              0x2000'0048    0x4  Data  Gb  main.o [1]
free                    0x2000'005c    0x1  Data  Gb  stm32f4xx_it.o [1]
id                      0x2000'0060    0x1  Data  Gb  stm32f4xx_it.o [1]
init_pid                 0x800'0ab7   0x40  Code  Gb  Config.o [1]
is_gate_moving          0x2000'006c    0x4  Data  Gb  stm32f4xx_it.o [1]
lastcounter             0x2000'0030    0x4  Data  Gb  main.o [1]
main                     0x800'01d9   0xd4  Code  Gb  main.o [1]
oldcount                0x2000'002c    0x4  Data  Gb  main.o [1]
pid_error               0x2000'004c    0x4  Data  Gb  main.o [1]
position                0x2000'0044    0x4  Data  Gb  main.o [1]
rx_array                0x2000'0058    0x4  Data  Gb  stm32f4xx_it.o [1]
speed                   0x2000'005d    0x1  Data  Gb  stm32f4xx_it.o [1]
uwAddress               0x2000'00ac    0x4  Data  Gb  flash.o [1]
uwEndSector             0x2000'00a8    0x4  Data  Gb  flash.o [1]
uwSectorCounter         0x2000'00b0    0x4  Data  Gb  flash.o [1]
uwStartSector           0x2000'00a4    0x4  Data  Gb  flash.o [1]
uwTimingDelay           0x2000'0094    0x4  Data  Lc  Config.o [1]
uwTimingDelay           0x2000'0054    0x4  Data  Lc  main.o [1]
width_pwm               0x2000'0098    0x4  Data  Gb  Config.o [1]
x                       0x2000'0068    0x4  Data  Gb  stm32f4xx_it.o [1]


[1] = E:\GIT\Slave PCB with PID\Left_Gate\STM32F4xx_DSP_StdPeriph_Lib_V1.8.0\Project\STM32F4xx_StdPeriph_Templates\EWARM\STM32F413_423xx\Obj
[2] = dl7M_tln.a
[3] = m7M_tls.a
[4] = rt7M_tl.a
[5] = shb_l.a

  5'606 bytes of readonly  code memory
     58 bytes of readonly  data memory
  1'216 bytes of readwrite data memory

Errors: none
Warnings: none
