###############################################################################
#
# IAR ELF Linker V7.40.1.8447/W32 for ARM                 27/Apr/2020  11:24:54
# Copyright 2007-2015 IAR Systems AB.
#
#    Output file  =  
#        E:\GIT\Final Project SWing
#        Barrier\SYSTICK\Slave_Final\7.40.1\ST\STM32F4xx\STM32F4xx_DSP_StdPeriph_Lib\Project\STM32F4xx_StdPeriph_Templates\EWARM\STM324x9I_EVAL\Exe\Project.out
#    Map file     =  
#        E:\GIT\Final Project SWing
#        Barrier\SYSTICK\Slave_Final\7.40.1\ST\STM32F4xx\STM32F4xx_DSP_StdPeriph_Lib\Project\STM32F4xx_StdPeriph_Templates\EWARM\STM324x9I_EVAL\List\Project.map
#    Command line =  
#        "E:\GIT\Final Project SWing
#        Barrier\SYSTICK\Slave_Final\7.40.1\ST\STM32F4xx\STM32F4xx_DSP_StdPeriph_Lib\Project\STM32F4xx_StdPeriph_Templates\EWARM\STM324x9I_EVAL\Obj\Config.o"
#        "E:\GIT\Final Project SWing
#        Barrier\SYSTICK\Slave_Final\7.40.1\ST\STM32F4xx\STM32F4xx_DSP_StdPeriph_Lib\Project\STM32F4xx_StdPeriph_Templates\EWARM\STM324x9I_EVAL\Obj\flash.o"
#        "E:\GIT\Final Project SWing
#        Barrier\SYSTICK\Slave_Final\7.40.1\ST\STM32F4xx\STM32F4xx_DSP_StdPeriph_Lib\Project\STM32F4xx_StdPeriph_Templates\EWARM\STM324x9I_EVAL\Obj\main.o"
#        "E:\GIT\Final Project SWing
#        Barrier\SYSTICK\Slave_Final\7.40.1\ST\STM32F4xx\STM32F4xx_DSP_StdPeriph_Lib\Project\STM32F4xx_StdPeriph_Templates\EWARM\STM324x9I_EVAL\Obj\misc.o"
#        "E:\GIT\Final Project SWing
#        Barrier\SYSTICK\Slave_Final\7.40.1\ST\STM32F4xx\STM32F4xx_DSP_StdPeriph_Lib\Project\STM32F4xx_StdPeriph_Templates\EWARM\STM324x9I_EVAL\Obj\startup_stm32f429x.o"
#        "E:\GIT\Final Project SWing
#        Barrier\SYSTICK\Slave_Final\7.40.1\ST\STM32F4xx\STM32F4xx_DSP_StdPeriph_Lib\Project\STM32F4xx_StdPeriph_Templates\EWARM\STM324x9I_EVAL\Obj\stm324x9i_eval.o"
#        "E:\GIT\Final Project SWing
#        Barrier\SYSTICK\Slave_Final\7.40.1\ST\STM32F4xx\STM32F4xx_DSP_StdPeriph_Lib\Project\STM32F4xx_StdPeriph_Templates\EWARM\STM324x9I_EVAL\Obj\stm324x9i_eval_fmc_sdram.o"
#        "E:\GIT\Final Project SWing
#        Barrier\SYSTICK\Slave_Final\7.40.1\ST\STM32F4xx\STM32F4xx_DSP_StdPeriph_Lib\Project\STM32F4xx_StdPeriph_Templates\EWARM\STM324x9I_EVAL\Obj\stm324x9i_eval_lcd.o"
#        "E:\GIT\Final Project SWing
#        Barrier\SYSTICK\Slave_Final\7.40.1\ST\STM32F4xx\STM32F4xx_DSP_StdPeriph_Lib\Project\STM32F4xx_StdPeriph_Templates\EWARM\STM324x9I_EVAL\Obj\stm32f4xx_adc.o"
#        "E:\GIT\Final Project SWing
#        Barrier\SYSTICK\Slave_Final\7.40.1\ST\STM32F4xx\STM32F4xx_DSP_StdPeriph_Lib\Project\STM32F4xx_StdPeriph_Templates\EWARM\STM324x9I_EVAL\Obj\stm32f4xx_can.o"
#        "E:\GIT\Final Project SWing
#        Barrier\SYSTICK\Slave_Final\7.40.1\ST\STM32F4xx\STM32F4xx_DSP_StdPeriph_Lib\Project\STM32F4xx_StdPeriph_Templates\EWARM\STM324x9I_EVAL\Obj\stm32f4xx_crc.o"
#        "E:\GIT\Final Project SWing
#        Barrier\SYSTICK\Slave_Final\7.40.1\ST\STM32F4xx\STM32F4xx_DSP_StdPeriph_Lib\Project\STM32F4xx_StdPeriph_Templates\EWARM\STM324x9I_EVAL\Obj\stm32f4xx_cryp.o"
#        "E:\GIT\Final Project SWing
#        Barrier\SYSTICK\Slave_Final\7.40.1\ST\STM32F4xx\STM32F4xx_DSP_StdPeriph_Lib\Project\STM32F4xx_StdPeriph_Templates\EWARM\STM324x9I_EVAL\Obj\stm32f4xx_cryp_aes.o"
#        "E:\GIT\Final Project SWing
#        Barrier\SYSTICK\Slave_Final\7.40.1\ST\STM32F4xx\STM32F4xx_DSP_StdPeriph_Lib\Project\STM32F4xx_StdPeriph_Templates\EWARM\STM324x9I_EVAL\Obj\stm32f4xx_cryp_des.o"
#        "E:\GIT\Final Project SWing
#        Barrier\SYSTICK\Slave_Final\7.40.1\ST\STM32F4xx\STM32F4xx_DSP_StdPeriph_Lib\Project\STM32F4xx_StdPeriph_Templates\EWARM\STM324x9I_EVAL\Obj\stm32f4xx_cryp_tdes.o"
#        "E:\GIT\Final Project SWing
#        Barrier\SYSTICK\Slave_Final\7.40.1\ST\STM32F4xx\STM32F4xx_DSP_StdPeriph_Lib\Project\STM32F4xx_StdPeriph_Templates\EWARM\STM324x9I_EVAL\Obj\stm32f4xx_dac.o"
#        "E:\GIT\Final Project SWing
#        Barrier\SYSTICK\Slave_Final\7.40.1\ST\STM32F4xx\STM32F4xx_DSP_StdPeriph_Lib\Project\STM32F4xx_StdPeriph_Templates\EWARM\STM324x9I_EVAL\Obj\stm32f4xx_dbgmcu.o"
#        "E:\GIT\Final Project SWing
#        Barrier\SYSTICK\Slave_Final\7.40.1\ST\STM32F4xx\STM32F4xx_DSP_StdPeriph_Lib\Project\STM32F4xx_StdPeriph_Templates\EWARM\STM324x9I_EVAL\Obj\stm32f4xx_dcmi.o"
#        "E:\GIT\Final Project SWing
#        Barrier\SYSTICK\Slave_Final\7.40.1\ST\STM32F4xx\STM32F4xx_DSP_StdPeriph_Lib\Project\STM32F4xx_StdPeriph_Templates\EWARM\STM324x9I_EVAL\Obj\stm32f4xx_dma.o"
#        "E:\GIT\Final Project SWing
#        Barrier\SYSTICK\Slave_Final\7.40.1\ST\STM32F4xx\STM32F4xx_DSP_StdPeriph_Lib\Project\STM32F4xx_StdPeriph_Templates\EWARM\STM324x9I_EVAL\Obj\stm32f4xx_dma2d.o"
#        "E:\GIT\Final Project SWing
#        Barrier\SYSTICK\Slave_Final\7.40.1\ST\STM32F4xx\STM32F4xx_DSP_StdPeriph_Lib\Project\STM32F4xx_StdPeriph_Templates\EWARM\STM324x9I_EVAL\Obj\stm32f4xx_exti.o"
#        "E:\GIT\Final Project SWing
#        Barrier\SYSTICK\Slave_Final\7.40.1\ST\STM32F4xx\STM32F4xx_DSP_StdPeriph_Lib\Project\STM32F4xx_StdPeriph_Templates\EWARM\STM324x9I_EVAL\Obj\stm32f4xx_flash.o"
#        "E:\GIT\Final Project SWing
#        Barrier\SYSTICK\Slave_Final\7.40.1\ST\STM32F4xx\STM32F4xx_DSP_StdPeriph_Lib\Project\STM32F4xx_StdPeriph_Templates\EWARM\STM324x9I_EVAL\Obj\stm32f4xx_fmc.o"
#        "E:\GIT\Final Project SWing
#        Barrier\SYSTICK\Slave_Final\7.40.1\ST\STM32F4xx\STM32F4xx_DSP_StdPeriph_Lib\Project\STM32F4xx_StdPeriph_Templates\EWARM\STM324x9I_EVAL\Obj\stm32f4xx_gpio.o"
#        "E:\GIT\Final Project SWing
#        Barrier\SYSTICK\Slave_Final\7.40.1\ST\STM32F4xx\STM32F4xx_DSP_StdPeriph_Lib\Project\STM32F4xx_StdPeriph_Templates\EWARM\STM324x9I_EVAL\Obj\stm32f4xx_hash.o"
#        "E:\GIT\Final Project SWing
#        Barrier\SYSTICK\Slave_Final\7.40.1\ST\STM32F4xx\STM32F4xx_DSP_StdPeriph_Lib\Project\STM32F4xx_StdPeriph_Templates\EWARM\STM324x9I_EVAL\Obj\stm32f4xx_hash_md5.o"
#        "E:\GIT\Final Project SWing
#        Barrier\SYSTICK\Slave_Final\7.40.1\ST\STM32F4xx\STM32F4xx_DSP_StdPeriph_Lib\Project\STM32F4xx_StdPeriph_Templates\EWARM\STM324x9I_EVAL\Obj\stm32f4xx_hash_sha1.o"
#        "E:\GIT\Final Project SWing
#        Barrier\SYSTICK\Slave_Final\7.40.1\ST\STM32F4xx\STM32F4xx_DSP_StdPeriph_Lib\Project\STM32F4xx_StdPeriph_Templates\EWARM\STM324x9I_EVAL\Obj\stm32f4xx_i2c.o"
#        "E:\GIT\Final Project SWing
#        Barrier\SYSTICK\Slave_Final\7.40.1\ST\STM32F4xx\STM32F4xx_DSP_StdPeriph_Lib\Project\STM32F4xx_StdPeriph_Templates\EWARM\STM324x9I_EVAL\Obj\stm32f4xx_it.o"
#        "E:\GIT\Final Project SWing
#        Barrier\SYSTICK\Slave_Final\7.40.1\ST\STM32F4xx\STM32F4xx_DSP_StdPeriph_Lib\Project\STM32F4xx_StdPeriph_Templates\EWARM\STM324x9I_EVAL\Obj\stm32f4xx_iwdg.o"
#        "E:\GIT\Final Project SWing
#        Barrier\SYSTICK\Slave_Final\7.40.1\ST\STM32F4xx\STM32F4xx_DSP_StdPeriph_Lib\Project\STM32F4xx_StdPeriph_Templates\EWARM\STM324x9I_EVAL\Obj\stm32f4xx_ltdc.o"
#        "E:\GIT\Final Project SWing
#        Barrier\SYSTICK\Slave_Final\7.40.1\ST\STM32F4xx\STM32F4xx_DSP_StdPeriph_Lib\Project\STM32F4xx_StdPeriph_Templates\EWARM\STM324x9I_EVAL\Obj\stm32f4xx_pwr.o"
#        "E:\GIT\Final Project SWing
#        Barrier\SYSTICK\Slave_Final\7.40.1\ST\STM32F4xx\STM32F4xx_DSP_StdPeriph_Lib\Project\STM32F4xx_StdPeriph_Templates\EWARM\STM324x9I_EVAL\Obj\stm32f4xx_rcc.o"
#        "E:\GIT\Final Project SWing
#        Barrier\SYSTICK\Slave_Final\7.40.1\ST\STM32F4xx\STM32F4xx_DSP_StdPeriph_Lib\Project\STM32F4xx_StdPeriph_Templates\EWARM\STM324x9I_EVAL\Obj\stm32f4xx_rng.o"
#        "E:\GIT\Final Project SWing
#        Barrier\SYSTICK\Slave_Final\7.40.1\ST\STM32F4xx\STM32F4xx_DSP_StdPeriph_Lib\Project\STM32F4xx_StdPeriph_Templates\EWARM\STM324x9I_EVAL\Obj\stm32f4xx_rtc.o"
#        "E:\GIT\Final Project SWing
#        Barrier\SYSTICK\Slave_Final\7.40.1\ST\STM32F4xx\STM32F4xx_DSP_StdPeriph_Lib\Project\STM32F4xx_StdPeriph_Templates\EWARM\STM324x9I_EVAL\Obj\stm32f4xx_sai.o"
#        "E:\GIT\Final Project SWing
#        Barrier\SYSTICK\Slave_Final\7.40.1\ST\STM32F4xx\STM32F4xx_DSP_StdPeriph_Lib\Project\STM32F4xx_StdPeriph_Templates\EWARM\STM324x9I_EVAL\Obj\stm32f4xx_sdio.o"
#        "E:\GIT\Final Project SWing
#        Barrier\SYSTICK\Slave_Final\7.40.1\ST\STM32F4xx\STM32F4xx_DSP_StdPeriph_Lib\Project\STM32F4xx_StdPeriph_Templates\EWARM\STM324x9I_EVAL\Obj\stm32f4xx_spi.o"
#        "E:\GIT\Final Project SWing
#        Barrier\SYSTICK\Slave_Final\7.40.1\ST\STM32F4xx\STM32F4xx_DSP_StdPeriph_Lib\Project\STM32F4xx_StdPeriph_Templates\EWARM\STM324x9I_EVAL\Obj\stm32f4xx_syscfg.o"
#        "E:\GIT\Final Project SWing
#        Barrier\SYSTICK\Slave_Final\7.40.1\ST\STM32F4xx\STM32F4xx_DSP_StdPeriph_Lib\Project\STM32F4xx_StdPeriph_Templates\EWARM\STM324x9I_EVAL\Obj\stm32f4xx_tim.o"
#        "E:\GIT\Final Project SWing
#        Barrier\SYSTICK\Slave_Final\7.40.1\ST\STM32F4xx\STM32F4xx_DSP_StdPeriph_Lib\Project\STM32F4xx_StdPeriph_Templates\EWARM\STM324x9I_EVAL\Obj\stm32f4xx_usart.o"
#        "E:\GIT\Final Project SWing
#        Barrier\SYSTICK\Slave_Final\7.40.1\ST\STM32F4xx\STM32F4xx_DSP_StdPeriph_Lib\Project\STM32F4xx_StdPeriph_Templates\EWARM\STM324x9I_EVAL\Obj\stm32f4xx_wwdg.o"
#        "E:\GIT\Final Project SWing
#        Barrier\SYSTICK\Slave_Final\7.40.1\ST\STM32F4xx\STM32F4xx_DSP_StdPeriph_Lib\Project\STM32F4xx_StdPeriph_Templates\EWARM\STM324x9I_EVAL\Obj\system_stm32f4xx.o"
#        --redirect _Printf=_PrintfSmall --redirect _Scanf=_ScanfSmall -o
#        "E:\GIT\Final Project SWing
#        Barrier\SYSTICK\Slave_Final\7.40.1\ST\STM32F4xx\STM32F4xx_DSP_StdPeriph_Lib\Project\STM32F4xx_StdPeriph_Templates\EWARM\STM324x9I_EVAL\Exe\Project.out"
#        --map "E:\GIT\Final Project SWing
#        Barrier\SYSTICK\Slave_Final\7.40.1\ST\STM32F4xx\STM32F4xx_DSP_StdPeriph_Lib\Project\STM32F4xx_StdPeriph_Templates\EWARM\STM324x9I_EVAL\List\Project.map"
#        --config "C:\Program Files (x86)\IAR Systems\Embedded Workbench
#        7.2\arm\config\linker\ST\stm32f407xG.icf" --semihosting --entry
#        __iar_program_start --vfe
#
###############################################################################

*******************************************************************************
*** RUNTIME MODEL ATTRIBUTES
***

CppFlavor       = *
__SystemLibrary = DLib


*******************************************************************************
*** PLACEMENT SUMMARY
***

"A1":  place at 0x08000000 { ro section .intvec };
"P1":  place in [from 0x08000000 to 0x080fffff] { ro };
"P2":  place in [from 0x20000000 to 0x2001ffff] { rw, block CSTACK, block HEAP };

  Section            Kind        Address    Size  Object
  -------            ----        -------    ----  ------
"A1":                                      0x1ac
  .intvec            ro code  0x08000000   0x1ac  startup_stm32f429x.o [1]
                            - 0x080001ac   0x1ac

"P1":                                     0x11fc
  .text              ro code  0x080001ac   0x3b0  main.o [1]
  .text              ro code  0x0800055c    0xf0  system_stm32f4xx.o [1]
  .text              ro code  0x0800064c   0x398  Config.o [1]
  .text              ro code  0x080009e4    0xb4  stm32f4xx_gpio.o [1]
  .text              ro code  0x08000a98    0x88  flash.o [1]
  .text              ro code  0x08000b20   0x112  stm32f4xx_tim.o [1]
  .text              ro code  0x08000c34    0xbc  stm32f4xx_rcc.o [1]
  .text              ro code  0x08000cf0   0x12c  stm32f4xx_usart.o [1]
  .text              ro code  0x08000e1c    0x6c  misc.o [1]
  .text              ro code  0x08000e88   0x146  stm32f4xx_flash.o [1]
  .text              ro code  0x08000fd0    0xf4  stm32f4xx_it.o [1]
  .text              ro code  0x080010c4    0x2c  copy_init3.o [5]
  .text              ro code  0x080010f0    0x28  data_init.o [5]
  .text              ro code  0x08001118    0x22  fpinit_M.o [4]
  .iar.init_table    const    0x0800113c    0x14  - Linker created -
  .text              ro code  0x08001150    0x1a  cmain.o [5]
  .text              ro code  0x0800116a     0x4  low_level_init.o [3]
  .text              ro code  0x0800116e     0x4  exit.o [3]
  .text              ro code  0x08001174     0xa  cexit.o [5]
  .text              ro code  0x08001180    0x14  exit.o [6]
  .text              ro code  0x08001194    0x10  startup_stm32f429x.o [1]
  .text              ro code  0x080011a4     0xc  cstartup_M.o [5]
  .text              ro code  0x080011b0     0x4  startup_stm32f429x.o [1]
  .text              ro code  0x080011b4     0x4  startup_stm32f429x.o [1]
  .text              ro code  0x080011b8     0x4  startup_stm32f429x.o [1]
  .text              ro code  0x080011bc     0x4  startup_stm32f429x.o [1]
  .text              ro code  0x080011c0     0x4  startup_stm32f429x.o [1]
  .text              ro code  0x080011c4     0x4  startup_stm32f429x.o [1]
  .text              ro code  0x080011c8     0x4  startup_stm32f429x.o [1]
  .text              ro code  0x080011cc     0x4  startup_stm32f429x.o [1]
  .text              ro code  0x080011d0     0x4  startup_stm32f429x.o [1]
  .text              ro code  0x080011d4     0x4  startup_stm32f429x.o [1]
  .text              ro code  0x080011d8     0x4  startup_stm32f429x.o [1]
  .text              ro code  0x080011dc     0x4  startup_stm32f429x.o [1]
  .text              ro code  0x080011e0     0x4  startup_stm32f429x.o [1]
  .text              ro code  0x080011e4     0x4  startup_stm32f429x.o [1]
  .text              ro code  0x080011e8     0x4  startup_stm32f429x.o [1]
  .text              ro code  0x080011ec     0x4  startup_stm32f429x.o [1]
  .text              ro code  0x080011f0     0x4  startup_stm32f429x.o [1]
  .text              ro code  0x080011f4     0x4  startup_stm32f429x.o [1]
  .text              ro code  0x080011f8     0x4  startup_stm32f429x.o [1]
  .text              ro code  0x080011fc     0x4  startup_stm32f429x.o [1]
  .text              ro code  0x08001200     0x4  startup_stm32f429x.o [1]
  .text              ro code  0x08001204     0x4  startup_stm32f429x.o [1]
  .text              ro code  0x08001208     0x4  startup_stm32f429x.o [1]
  .text              ro code  0x0800120c     0x4  startup_stm32f429x.o [1]
  .text              ro code  0x08001210     0x4  startup_stm32f429x.o [1]
  .text              ro code  0x08001214     0x4  startup_stm32f429x.o [1]
  .text              ro code  0x08001218     0x4  startup_stm32f429x.o [1]
  .text              ro code  0x0800121c     0x4  startup_stm32f429x.o [1]
  .text              ro code  0x08001220     0x4  startup_stm32f429x.o [1]
  .text              ro code  0x08001224     0x4  startup_stm32f429x.o [1]
  .text              ro code  0x08001228     0x4  startup_stm32f429x.o [1]
  .text              ro code  0x0800122c     0x4  startup_stm32f429x.o [1]
  .text              ro code  0x08001230     0x4  startup_stm32f429x.o [1]
  .text              ro code  0x08001234     0x4  startup_stm32f429x.o [1]
  .text              ro code  0x08001238     0x4  startup_stm32f429x.o [1]
  .text              ro code  0x0800123c     0x4  startup_stm32f429x.o [1]
  .text              ro code  0x08001240     0x4  startup_stm32f429x.o [1]
  .text              ro code  0x08001244     0x4  startup_stm32f429x.o [1]
  .text              ro code  0x08001248     0x4  startup_stm32f429x.o [1]
  .text              ro code  0x0800124c     0x4  startup_stm32f429x.o [1]
  .text              ro code  0x08001250     0x4  startup_stm32f429x.o [1]
  .text              ro code  0x08001254     0x4  startup_stm32f429x.o [1]
  .text              ro code  0x08001258     0x4  startup_stm32f429x.o [1]
  .text              ro code  0x0800125c     0x4  startup_stm32f429x.o [1]
  .text              ro code  0x08001260     0x4  startup_stm32f429x.o [1]
  .text              ro code  0x08001264     0x4  startup_stm32f429x.o [1]
  .text              ro code  0x08001268     0x4  startup_stm32f429x.o [1]
  .text              ro code  0x0800126c     0x4  startup_stm32f429x.o [1]
  .text              ro code  0x08001270     0x4  startup_stm32f429x.o [1]
  .text              ro code  0x08001274     0x4  startup_stm32f429x.o [1]
  .text              ro code  0x08001278     0x4  startup_stm32f429x.o [1]
  .text              ro code  0x0800127c     0x4  startup_stm32f429x.o [1]
  .text              ro code  0x08001280     0x4  startup_stm32f429x.o [1]
  .text              ro code  0x08001284     0x4  startup_stm32f429x.o [1]
  .text              ro code  0x08001288     0x4  startup_stm32f429x.o [1]
  .text              ro code  0x0800128c     0x4  startup_stm32f429x.o [1]
  .text              ro code  0x08001290     0x4  startup_stm32f429x.o [1]
  .text              ro code  0x08001294     0x4  startup_stm32f429x.o [1]
  .text              ro code  0x08001298     0x4  startup_stm32f429x.o [1]
  .text              ro code  0x0800129c     0x4  startup_stm32f429x.o [1]
  .text              ro code  0x080012a0     0x4  startup_stm32f429x.o [1]
  .text              ro code  0x080012a4     0x4  startup_stm32f429x.o [1]
  .text              ro code  0x080012a8     0x4  startup_stm32f429x.o [1]
  .text              ro code  0x080012ac     0x4  startup_stm32f429x.o [1]
  .text              ro code  0x080012b0     0x4  startup_stm32f429x.o [1]
  .text              ro code  0x080012b4     0x4  startup_stm32f429x.o [1]
  .text              ro code  0x080012b8     0x4  startup_stm32f429x.o [1]
  .text              ro code  0x080012bc     0x4  startup_stm32f429x.o [1]
  .text              ro code  0x080012c0     0x4  startup_stm32f429x.o [1]
  .text              ro code  0x080012c4     0x4  startup_stm32f429x.o [1]
  .text              ro code  0x080012c8     0x4  startup_stm32f429x.o [1]
  .text              ro code  0x080012cc     0x4  startup_stm32f429x.o [1]
  .text              ro code  0x080012d0     0x4  startup_stm32f429x.o [1]
  .text              ro code  0x080012d4     0x4  startup_stm32f429x.o [1]
  .text              ro code  0x080012d8     0x4  startup_stm32f429x.o [1]
  .text              ro code  0x080012dc     0x4  startup_stm32f429x.o [1]
  .text              ro code  0x080012e0     0x4  startup_stm32f429x.o [1]
  .text              ro code  0x080012e4     0x4  startup_stm32f429x.o [1]
  .text              ro code  0x080012e8     0x4  startup_stm32f429x.o [1]
  .text              ro code  0x080012ec     0x4  startup_stm32f429x.o [1]
  .text              ro code  0x080012f0     0x4  startup_stm32f429x.o [1]
  .text              ro code  0x080012f4     0x4  startup_stm32f429x.o [1]
  .text              ro code  0x080012f8     0x4  startup_stm32f429x.o [1]
  .text              ro code  0x080012fc     0x4  startup_stm32f429x.o [1]
  .text              ro code  0x08001300     0x4  startup_stm32f429x.o [1]
  .text              ro code  0x08001304     0x4  startup_stm32f429x.o [1]
  .text              ro code  0x08001308     0x4  startup_stm32f429x.o [1]
  .text              ro code  0x0800130c     0x4  startup_stm32f429x.o [1]
  .text              ro code  0x08001310     0x4  startup_stm32f429x.o [1]
  .text              ro code  0x08001314     0x4  startup_stm32f429x.o [1]
  .rodata            const    0x08001318     0x0  copy_init3.o [5]
  Initializer bytes  const    0x08001318    0x90  <for P2 s0>
                            - 0x080013a8  0x11fc

"P2":                                     0x2090
  P2 s0                       0x20000000    0x90  <Init block>
    .data            inited   0x20000000    0x28  main.o [1]
    .data            inited   0x20000028    0x18  stm32f4xx_it.o [1]
    .bss             inited   0x20000040    0x18  flash.o [1]
    .data            inited   0x20000058    0x14  system_stm32f4xx.o [1]
    .data            inited   0x2000006c    0x10  stm32f4xx_rcc.o [1]
    .bss             inited   0x2000007c     0x8  Config.o [1]
    .bss             inited   0x20000084     0x4  Config.o [1]
    .bss             inited   0x20000088     0x4  main.o [1]
    .bss             inited   0x2000008c     0x4  stm32f4xx_it.o [1]
  CSTACK                      0x20000090  0x2000  <Block>
    CSTACK           uninit   0x20000090  0x2000  <Block tail>
                            - 0x20002090  0x2090


*******************************************************************************
*** INIT TABLE
***

          Address     Size
          -------     ----
Copy (__iar_copy_init3)
    1 source range, total size 0x90:
          0x08001318  0x90
    1 destination range, total size 0x90:
          0x20000000  0x90



*******************************************************************************
*** MODULE SUMMARY
***

    Module                ro code  ro data  rw data
    ------                -------  -------  -------
E:\GIT\Final Project SWing Barrier\SYSTICK\Slave_Final\7.40.1\ST\STM32F4xx\STM32F4xx_DSP_StdPeriph_Lib\Project\STM32F4xx_StdPeriph_Templates\EWARM\STM324x9I_EVAL\Obj: [1]
    Config.o                  920       12       12
    flash.o                   136       24       24
    main.o                    944       44       44
    misc.o                    108
    startup_stm32f429x.o      804
    stm32f4xx_flash.o         326
    stm32f4xx_gpio.o          180
    stm32f4xx_it.o            244       28       28
    stm32f4xx_rcc.o           188       16       16
    stm32f4xx_tim.o           274
    stm32f4xx_usart.o         300
    system_stm32f4xx.o        240       20       20
    -----------------------------------------------
    Total:                  4 664      144      144

command line: [2]
    -----------------------------------------------
    Total:

dl7M_tln.a: [3]
    exit.o                      4
    low_level_init.o            4
    -----------------------------------------------
    Total:                      8

m7M_tls.a: [4]
    fpinit_M.o                 34
    -----------------------------------------------
    Total:                     34

rt7M_tl.a: [5]
    cexit.o                    10
    cmain.o                    26
    copy_init3.o               44
    cstartup_M.o               12
    data_init.o                40
    -----------------------------------------------
    Total:                    132

shb_l.a: [6]
    exit.o                     20
    -----------------------------------------------
    Total:                     20

    Gaps                        8        2
    Linker created                      20    8 192
---------------------------------------------------
    Grand Total:            4 866      166    8 336


*******************************************************************************
*** ENTRY LIST
***

Entry                      Address   Size  Type      Object
-----                      -------   ----  ----      ------
.iar.init_table$$Base   0x0800113c          --   Gb  - Linker created -
.iar.init_table$$Limit  0x08001150          --   Gb  - Linker created -
?main                   0x08001151         Code  Gb  cmain.o [5]
AHBPrescTable           0x20000058   0x10  Data  Gb  system_stm32f4xx.o [1]
APBAHBPrescTable        0x2000006c   0x10  Data  Lc  stm32f4xx_rcc.o [1]
BusFault_Handler        0x08000fd7    0x2  Code  Gb  stm32f4xx_it.o [1]
CSTACK$$Base            0x20000090          --   Gb  - Linker created -
CSTACK$$Limit           0x20002090          --   Gb  - Linker created -
Config_PWM              0x0800088d   0x42  Code  Gb  Config.o [1]
DebugMon_Handler        0x08000fdd    0x2  Code  Gb  stm32f4xx_it.o [1]
Delay                   0x08000501   0x12  Code  Lc  main.o [1]
Emergency_PWM           0x080008e5   0xb2  Code  Gb  Config.o [1]
Encoder_Logic           0x080002a5   0x92  Code  Gb  main.o [1]
ErrorCheckEncoder       0x08000407   0x7e  Code  Gb  main.o [1]
FLAG                    0x20000000    0x1  Data  Gb  main.o [1]
FLASH_ClearFlag         0x08000f5d    0x6  Code  Gb  stm32f4xx_flash.o [1]
FLASH_EraseSector       0x08000eaf   0x68  Code  Gb  stm32f4xx_flash.o [1]
FLASH_GetStatus         0x08000f63   0x38  Code  Gb  stm32f4xx_flash.o [1]
FLASH_Lock              0x08000ea1    0xe  Code  Gb  stm32f4xx_flash.o [1]
FLASH_ProgramWord       0x08000f17   0x26  Code  Gb  stm32f4xx_flash.o [1]
FLASH_Unlock            0x08000e89   0x18  Code  Gb  stm32f4xx_flash.o [1]
FLASH_WaitForLastOperation
                        0x08000fb1   0x1e  Code  Gb  stm32f4xx_flash.o [1]
Flash_Data_Read_Buffer  0x20000050    0x4  Data  Gb  flash.o [1]
Flash_Data_Write_Buffer
                        0x20000054    0x4  Data  Gb  flash.o [1]
GPIO_Config             0x0800064d  0x1b8  Code  Gb  Config.o [1]
GPIO_Init               0x080009e5   0x70  Code  Gb  stm32f4xx_gpio.o [1]
GPIO_InitStructure      0x2000007c    0x8  Data  Gb  Config.o [1]
GPIO_PinAFConfig        0x08000a75   0x24  Code  Gb  stm32f4xx_gpio.o [1]
GPIO_ReadInputDataBit   0x08000a55    0xe  Code  Gb  stm32f4xx_gpio.o [1]
GPIO_ResetBits          0x08000a67    0x4  Code  Gb  stm32f4xx_gpio.o [1]
GPIO_SetBits            0x08000a63    0x4  Code  Gb  stm32f4xx_gpio.o [1]
GPIO_WriteBit           0x08000a6b    0xa  Code  Gb  stm32f4xx_gpio.o [1]
HardFault_Handler       0x08000fd3    0x2  Code  Gb  stm32f4xx_it.o [1]
Init_Sequence           0x08000341   0x96  Code  Gb  main.o [1]
MemManage_Handler       0x08000fd5    0x2  Code  Gb  stm32f4xx_it.o [1]
Motor_Logic             0x08000227   0x62  Code  Gb  main.o [1]
NMI_Handler             0x08000fd1    0x2  Code  Gb  stm32f4xx_it.o [1]
NVIC_Init               0x08000e1d   0x5a  Code  Gb  misc.o [1]
OpenGates               0x080004a1   0x48  Code  Gb  main.o [1]
PendSV_Handler          0x08000fdf    0x2  Code  Gb  stm32f4xx_it.o [1]
RCC_AHB1PeriphClockCmd  0x08000cb5   0x12  Code  Gb  stm32f4xx_rcc.o [1]
RCC_APB1PeriphClockCmd  0x08000cc7   0x12  Code  Gb  stm32f4xx_rcc.o [1]
RCC_GetClocksFreq       0x08000c35   0x80  Code  Gb  stm32f4xx_rcc.o [1]
ReadFromFlash           0x08000ae9   0x16  Code  Gb  flash.o [1]
Region$$Table$$Base     0x0800113c          --   Gb  - Linker created -
Region$$Table$$Limit    0x08001150          --   Gb  - Linker created -
SVC_Handler             0x08000fdb    0x2  Code  Gb  stm32f4xx_it.o [1]
SysTick_Handler         0x08000fe1    0xe  Code  Gb  stm32f4xx_it.o [1]
SystemCoreClock         0x20000068    0x4  Data  Gb  system_stm32f4xx.o [1]
SystemInit              0x0800055d   0xce  Code  Gb  system_stm32f4xx.o [1]
TIM_Cmd                 0x08000b83   0x14  Code  Gb  stm32f4xx_tim.o [1]
TIM_OC1Init             0x08000b97   0x5c  Code  Gb  stm32f4xx_tim.o [1]
TIM_OC1PreloadConfig    0x08000c25    0x6  Code  Gb  stm32f4xx_tim.o [1]
TIM_TimeBaseInit        0x08000b21   0x62  Code  Gb  stm32f4xx_tim.o [1]
TM_PWM_Init             0x08000871   0x1c  Code  Gb  Config.o [1]
TM_TIMER_Init           0x08000849   0x28  Code  Gb  Config.o [1]
TimingDelay_Decrement   0x08000513    0xe  Code  Gb  main.o [1]
USART2_IRQHandler       0x08000fef   0xce  Code  Gb  stm32f4xx_it.o [1]
USART_Cmd               0x08000d95   0x14  Code  Gb  stm32f4xx_usart.o [1]
USART_GetITStatus       0x08000de1   0x3c  Code  Gb  stm32f4xx_usart.o [1]
USART_ITConfig          0x08000db1   0x30  Code  Gb  stm32f4xx_usart.o [1]
USART_Init              0x08000cf1   0x9a  Code  Gb  stm32f4xx_usart.o [1]
USART_ReceiveData       0x08000da9    0x8  Code  Gb  stm32f4xx_usart.o [1]
UsageFault_Handler      0x08000fd9    0x2  Code  Gb  stm32f4xx_it.o [1]
WriteToFlash            0x08000a99   0x50  Code  Gb  flash.o [1]
__cmain                 0x08001151         Code  Gb  cmain.o [5]
__exit                  0x08001181   0x14  Code  Gb  exit.o [6]
__iar_copy_init3        0x080010c5   0x2c  Code  Gb  copy_init3.o [5]
__iar_data_init3        0x080010f1   0x28  Code  Gb  data_init.o [5]
__iar_init_vfp          0x08001119         Code  Gb  fpinit_M.o [4]
__iar_program_start     0x080011a5         Code  Gb  cstartup_M.o [5]
__low_level_init        0x0800116b    0x4  Code  Gb  low_level_init.o [3]
__vector_table          0x08000000         Data  Gb  startup_stm32f429x.o [1]
_call_main              0x0800115d         Code  Gb  cmain.o [5]
_exit                   0x08001175         Code  Gb  cexit.o [5]
_main                   0x08001167         Code  Gb  cmain.o [5]
aLastState              0x20000010    0x4  Data  Gb  main.o [1]
aState                  0x20000014    0x4  Data  Gb  main.o [1]
count                   0x20000004    0x4  Data  Gb  main.o [1]
counter                 0x20000018    0x4  Data  Gb  main.o [1]
counter_buf             0x2000001c    0x4  Data  Gb  main.o [1]
curr_pos_of_gate        0x20000031    0x1  Data  Gb  stm32f4xx_it.o [1]
direction               0x2000002e    0x1  Data  Gb  stm32f4xx_it.o [1]
enc_pos                 0x2000008c    0x4  Data  Gb  stm32f4xx_it.o [1]
exit                    0x0800116f    0x4  Code  Gb  exit.o [3]
fire                    0x2000002f    0x1  Data  Gb  stm32f4xx_it.o [1]
flag                    0x20000034    0x4  Data  Gb  stm32f4xx_it.o [1]
flash_flag              0x20000024    0x4  Data  Gb  main.o [1]
free                    0x2000002c    0x1  Data  Gb  stm32f4xx_it.o [1]
id                      0x20000030    0x1  Data  Gb  stm32f4xx_it.o [1]
is_gate_moving          0x2000003c    0x4  Data  Gb  stm32f4xx_it.o [1]
lastcounter             0x2000000c    0x4  Data  Gb  main.o [1]
main                    0x080001ad   0x7a  Code  Gb  main.o [1]
oldcount                0x20000008    0x4  Data  Gb  main.o [1]
position                0x20000020    0x4  Data  Gb  main.o [1]
rx_array                0x20000028    0x4  Data  Gb  stm32f4xx_it.o [1]
speed                   0x2000002d    0x1  Data  Gb  stm32f4xx_it.o [1]
uwAddress               0x20000048    0x4  Data  Gb  flash.o [1]
uwEndSector             0x20000044    0x4  Data  Gb  flash.o [1]
uwSectorCounter         0x2000004c    0x4  Data  Gb  flash.o [1]
uwStartSector           0x20000040    0x4  Data  Gb  flash.o [1]
uwTimingDelay           0x20000084    0x4  Data  Lc  Config.o [1]
uwTimingDelay           0x20000088    0x4  Data  Lc  main.o [1]
x                       0x20000038    0x4  Data  Gb  stm32f4xx_it.o [1]


[1] = E:\GIT\Final Project SWing Barrier\SYSTICK\Slave_Final\7.40.1\ST\STM32F4xx\STM32F4xx_DSP_StdPeriph_Lib\Project\STM32F4xx_StdPeriph_Templates\EWARM\STM324x9I_EVAL\Obj
[2] = command line
[3] = dl7M_tln.a
[4] = m7M_tls.a
[5] = rt7M_tl.a
[6] = shb_l.a

  4 866 bytes of readonly  code memory
    166 bytes of readonly  data memory
  8 336 bytes of readwrite data memory

Errors: none
Warnings: none
